Archive member included to satisfy reference by file (symbol)

/home/adrian/.mcuxpressotools/arm-gnu-toolchain-14.2.rel1-x86_64-arm-none-eabi/bin/../lib/gcc/arm-none-eabi/14.2.1/../../../../arm-none-eabi/lib/thumb/v8-m.main/nofp/libc_nano.a(libc_a-exit.o)
                              /home/adrian/.mcuxpressotools/arm-gnu-toolchain-14.2.rel1-x86_64-arm-none-eabi/bin/../lib/gcc/arm-none-eabi/14.2.1/../../../../arm-none-eabi/lib/thumb/v8-m.main/nofp/crt0.o (exit)
/home/adrian/.mcuxpressotools/arm-gnu-toolchain-14.2.rel1-x86_64-arm-none-eabi/bin/../lib/gcc/arm-none-eabi/14.2.1/../../../../arm-none-eabi/lib/thumb/v8-m.main/nofp/libc_nano.a(libc_a-malloc.o)
                              CMakeFiles/MCXA153_Touch_Audio_Workstation.dir/home/adrian/Facultate/Proiecte/NXP_Summer_School/mcuxsdk/mcuxsdk/drivers/common/fsl_common.c.obj (malloc)
/home/adrian/.mcuxpressotools/arm-gnu-toolchain-14.2.rel1-x86_64-arm-none-eabi/bin/../lib/gcc/arm-none-eabi/14.2.1/../../../../arm-none-eabi/lib/thumb/v8-m.main/nofp/libc_nano.a(libc_a-mallocr.o)
                              /home/adrian/.mcuxpressotools/arm-gnu-toolchain-14.2.rel1-x86_64-arm-none-eabi/bin/../lib/gcc/arm-none-eabi/14.2.1/../../../../arm-none-eabi/lib/thumb/v8-m.main/nofp/libc_nano.a(libc_a-malloc.o) (_malloc_r)
/home/adrian/.mcuxpressotools/arm-gnu-toolchain-14.2.rel1-x86_64-arm-none-eabi/bin/../lib/gcc/arm-none-eabi/14.2.1/../../../../arm-none-eabi/lib/thumb/v8-m.main/nofp/libc_nano.a(libc_a-mlock.o)
                              /home/adrian/.mcuxpressotools/arm-gnu-toolchain-14.2.rel1-x86_64-arm-none-eabi/bin/../lib/gcc/arm-none-eabi/14.2.1/../../../../arm-none-eabi/lib/thumb/v8-m.main/nofp/libc_nano.a(libc_a-mallocr.o) (__malloc_lock)
/home/adrian/.mcuxpressotools/arm-gnu-toolchain-14.2.rel1-x86_64-arm-none-eabi/bin/../lib/gcc/arm-none-eabi/14.2.1/../../../../arm-none-eabi/lib/thumb/v8-m.main/nofp/libc_nano.a(libc_a-strtoul.o)
                              CMakeFiles/MCXA153_Touch_Audio_Workstation.dir/home/adrian/Facultate/Proiecte/NXP_Summer_School/mcuxsdk/mcuxsdk/components/str/fsl_str.c.obj (strtoul)
/home/adrian/.mcuxpressotools/arm-gnu-toolchain-14.2.rel1-x86_64-arm-none-eabi/bin/../lib/gcc/arm-none-eabi/14.2.1/../../../../arm-none-eabi/lib/thumb/v8-m.main/nofp/libc_nano.a(libc_a-ctype_.o)
                              /home/adrian/.mcuxpressotools/arm-gnu-toolchain-14.2.rel1-x86_64-arm-none-eabi/bin/../lib/gcc/arm-none-eabi/14.2.1/../../../../arm-none-eabi/lib/thumb/v8-m.main/nofp/libc_nano.a(libc_a-strtoul.o) (_ctype_)
/home/adrian/.mcuxpressotools/arm-gnu-toolchain-14.2.rel1-x86_64-arm-none-eabi/bin/../lib/gcc/arm-none-eabi/14.2.1/../../../../arm-none-eabi/lib/thumb/v8-m.main/nofp/libc_nano.a(libc_a-findfp.o)
                              /home/adrian/.mcuxpressotools/arm-gnu-toolchain-14.2.rel1-x86_64-arm-none-eabi/bin/../lib/gcc/arm-none-eabi/14.2.1/../../../../arm-none-eabi/lib/thumb/v8-m.main/nofp/libc_nano.a(libc_a-exit.o) (__stdio_exit_handler)
/home/adrian/.mcuxpressotools/arm-gnu-toolchain-14.2.rel1-x86_64-arm-none-eabi/bin/../lib/gcc/arm-none-eabi/14.2.1/../../../../arm-none-eabi/lib/thumb/v8-m.main/nofp/libc_nano.a(libc_a-fwalk.o)
                              /home/adrian/.mcuxpressotools/arm-gnu-toolchain-14.2.rel1-x86_64-arm-none-eabi/bin/../lib/gcc/arm-none-eabi/14.2.1/../../../../arm-none-eabi/lib/thumb/v8-m.main/nofp/libc_nano.a(libc_a-findfp.o) (_fwalk_sglue)
/home/adrian/.mcuxpressotools/arm-gnu-toolchain-14.2.rel1-x86_64-arm-none-eabi/bin/../lib/gcc/arm-none-eabi/14.2.1/../../../../arm-none-eabi/lib/thumb/v8-m.main/nofp/libc_nano.a(libc_a-printf.o)
                              CMakeFiles/MCXA153_Touch_Audio_Workstation.dir/source/main.c.obj (printf)
/home/adrian/.mcuxpressotools/arm-gnu-toolchain-14.2.rel1-x86_64-arm-none-eabi/bin/../lib/gcc/arm-none-eabi/14.2.1/../../../../arm-none-eabi/lib/thumb/v8-m.main/nofp/libc_nano.a(libc_a-stdio.o)
                              /home/adrian/.mcuxpressotools/arm-gnu-toolchain-14.2.rel1-x86_64-arm-none-eabi/bin/../lib/gcc/arm-none-eabi/14.2.1/../../../../arm-none-eabi/lib/thumb/v8-m.main/nofp/libc_nano.a(libc_a-findfp.o) (__sread)
/home/adrian/.mcuxpressotools/arm-gnu-toolchain-14.2.rel1-x86_64-arm-none-eabi/bin/../lib/gcc/arm-none-eabi/14.2.1/../../../../arm-none-eabi/lib/thumb/v8-m.main/nofp/libc_nano.a(libc_a-closer.o)
                              /home/adrian/.mcuxpressotools/arm-gnu-toolchain-14.2.rel1-x86_64-arm-none-eabi/bin/../lib/gcc/arm-none-eabi/14.2.1/../../../../arm-none-eabi/lib/thumb/v8-m.main/nofp/libc_nano.a(libc_a-stdio.o) (_close_r)
/home/adrian/.mcuxpressotools/arm-gnu-toolchain-14.2.rel1-x86_64-arm-none-eabi/bin/../lib/gcc/arm-none-eabi/14.2.1/../../../../arm-none-eabi/lib/thumb/v8-m.main/nofp/libc_nano.a(libc_a-reent.o)
                              /home/adrian/.mcuxpressotools/arm-gnu-toolchain-14.2.rel1-x86_64-arm-none-eabi/bin/../lib/gcc/arm-none-eabi/14.2.1/../../../../arm-none-eabi/lib/thumb/v8-m.main/nofp/libc_nano.a(libc_a-closer.o) (errno)
[...]
Memory Configuration

Name             Origin             Length             Attributes
m_interrupts     0x00000000         0x00000200         xr
m_text           0x00000200         0x0001fe00         xr
m_data           0x20000000         0x00006000         rw
m_sramx0         0x04000000         0x00002000         rw
*default*        0x00000000         0xffffffff

Linker script and memory map

LOAD /home/adrian/.mcuxpressotools/arm-gnu-toolchain-14.2.rel1-x86_64-arm-none-eabi/bin/../lib/gcc/arm-none-eabi/14.2.1/thumb/v8-m.main/nofp/crti.o
LOAD /home/adrian/.mcuxpressotools/arm-gnu-toolchain-14.2.rel1-x86_64-arm-none-eabi/bin/../lib/gcc/arm-none-eabi/14.2.1/thumb/v8-m.main/nofp/crtbegin.o
LOAD /home/adrian/.mcuxpressotools/arm-gnu-toolchain-14.2.rel1-x86_64-arm-none-eabi/bin/../lib/gcc/arm-none-eabi/14.2.1/../../../../arm-none-eabi/lib/thumb/v8-m.main/nofp/crt0.o
LOAD CMakeFiles/MCXA153_Touch_Audio_Workstation.dir/home/adrian/Facultate/Proiecte/NXP_Summer_School/mcuxsdk/mcuxsdk/devices/MCX/MCXA/MCXA153/system_MCXA153.c.obj
LOAD CMakeFiles/MCXA153_Touch_Audio_Workstation.dir/home/adrian/Facultate/Proiecte/NXP_Summer_School/mcuxsdk/mcuxsdk/devices/MCX/MCXA/MCXA153/gcc/startup_MCXA153.S.obj
LOAD CMakeFiles/MCXA153_Touch_Audio_Workstation.dir/home/adrian/Facultate/Proiecte/NXP_Summer_School/mcuxsdk/mcuxsdk/devices/MCX/MCXA/MCXA153/drivers/fsl_clock.c.obj
LOAD CMakeFiles/MCXA153_Touch_Audio_Workstation.dir/home/adrian/Facultate/Proiecte/NXP_Summer_School/mcuxsdk/mcuxsdk/devices/MCX/MCXA/MCXA153/drivers/fsl_reset.c.obj
LOAD CMakeFiles/MCXA153_Touch_Audio_Workstation.dir/home/adrian/Facultate/Proiecte/NXP_Summer_School/mcuxsdk/mcuxsdk/drivers/common/fsl_common.c.obj
LOAD CMakeFiles/MCXA153_Touch_Audio_Workstation.dir/home/adrian/Facultate/Proiecte/NXP_Summer_School/mcuxsdk/mcuxsdk/drivers/common/fsl_common_arm.c.obj
LOAD CMakeFiles/MCXA153_Touch_Audio_Workstation.dir/home/adrian/Facultate/Proiecte/NXP_Summer_School/mcuxsdk/mcuxsdk/drivers/gpio/fsl_gpio.c.obj
LOAD CMakeFiles/MCXA153_Touch_Audio_Workstation.dir/home/adrian/Facultate/Proiecte/NXP_Summer_School/mcuxsdk/mcuxsdk/drivers/lpuart/fsl_lpuart.c.obj
LOAD CMakeFiles/MCXA153_Touch_Audio_Workstation.dir/home/adrian/Facultate/Proiecte/NXP_Summer_School/mcuxsdk/mcuxsdk/drivers/mcx_spc/fsl_spc.c.obj
LOAD CMakeFiles/MCXA153_Touch_Audio_Workstation.dir/home/adrian/Facultate/Proiecte/NXP_Summer_School/mcuxsdk/mcuxsdk/components/assert/fsl_assert.c.obj
LOAD CMakeFiles/MCXA153_Touch_Audio_Workstation.dir/home/adrian/Facultate/Proiecte/NXP_Summer_School/mcuxsdk/mcuxsdk/components/debug_console_lite/fsl_debug_console.c.obj
LOAD CMakeFiles/MCXA153_Touch_Audio_Workstation.dir/home/adrian/Facultate/Proiecte/NXP_Summer_School/mcuxsdk/mcuxsdk/components/misc_utilities/fsl_syscall_stub.c.obj
LOAD CMakeFiles/MCXA153_Touch_Audio_Workstation.dir/home/adrian/Facultate/Proiecte/NXP_Summer_School/mcuxsdk/mcuxsdk/components/misc_utilities/fsl_sbrk.c.obj
LOAD CMakeFiles/MCXA153_Touch_Audio_Workstation.dir/home/adrian/Facultate/Proiecte/NXP_Summer_School/mcuxsdk/mcuxsdk/components/misc_utilities/fsl_memcpy.S.obj
LOAD CMakeFiles/MCXA153_Touch_Audio_Workstation.dir/home/adrian/Facultate/Proiecte/NXP_Summer_School/mcuxsdk/mcuxsdk/components/misc_utilities/fsl_memset.S.obj
LOAD CMakeFiles/MCXA153_Touch_Audio_Workstation.dir/home/adrian/Facultate/Proiecte/NXP_Summer_School/mcuxsdk/mcuxsdk/components/str/fsl_str.c.obj
LOAD CMakeFiles/MCXA153_Touch_Audio_Workstation.dir/home/adrian/Facultate/Proiecte/NXP_Summer_School/mcuxsdk/mcuxsdk/components/uart/fsl_adapter_lpuart.c.obj
LOAD CMakeFiles/MCXA153_Touch_Audio_Workstation.dir/frdmmcxa153/frdmmcxa153/board.c.obj
LOAD CMakeFiles/MCXA153_Touch_Audio_Workstation.dir/frdmmcxa153/frdmmcxa153/clock_config.c.obj
LOAD CMakeFiles/MCXA153_Touch_Audio_Workstation.dir/frdmmcxa153/board/pin_mux.c.obj
LOAD CMakeFiles/MCXA153_Touch_Audio_Workstation.dir/frdmmcxa153/board/hardware_init.c.obj
LOAD CMakeFiles/MCXA153_Touch_Audio_Workstation.dir/source/main.c.obj
LOAD CMakeFiles/MCXA153_Touch_Audio_Workstation.dir/source/ui_display.c.obj
LOAD CMakeFiles/MCXA153_Touch_Audio_Workstation.dir/source/audio_dsp.c.obj
LOAD CMakeFiles/MCXA153_Touch_Audio_Workstation.dir/source/sdcard_wav.c.obj
LOAD CMakeFiles/MCXA153_Touch_Audio_Workstation.dir/source/wifi_esp.c.obj
LOAD CMakeFiles/MCXA153_Touch_Audio_Workstation.dir/board/peripherals.c.obj
START GROUP
LOAD /home/adrian/.mcuxpressotools/arm-gnu-toolchain-14.2.rel1-x86_64-arm-none-eabi/bin/../lib/gcc/arm-none-eabi/14.2.1/../../../../arm-none-eabi/lib/thumb/v8-m.main/nofp/libm.a
LOAD /home/adrian/.mcuxpressotools/arm-gnu-toolchain-14.2.rel1-x86_64-arm-none-eabi/bin/../lib/gcc/arm-none-eabi/14.2.1/../../../../arm-none-eabi/lib/thumb/v8-m.main/nofp/libc_nano.a
LOAD /home/adrian/.mcuxpressotools/arm-gnu-toolchain-14.2.rel1-x86_64-arm-none-eabi/bin/../lib/gcc/arm-none-eabi/14.2.1/thumb/v8-m.main/nofp/libgcc.a
LOAD /home/adrian/.mcuxpressotools/arm-gnu-toolchain-14.2.rel1-x86_64-arm-none-eabi/bin/../lib/gcc/arm-none-eabi/14.2.1/../../../../arm-none-eabi/lib/thumb/v8-m.main/nofp/libnosys.a
END GROUP
START GROUP
LOAD /home/adrian/.mcuxpressotools/arm-gnu-toolchain-14.2.rel1-x86_64-arm-none-eabi/bin/../lib/gcc/arm-none-eabi/14.2.1/thumb/v8-m.main/nofp/libgcc.a
LOAD /home/adrian/.mcuxpressotools/arm-gnu-toolchain-14.2.rel1-x86_64-arm-none-eabi/bin/../lib/gcc/arm-none-eabi/14.2.1/../../../../arm-none-eabi/lib/thumb/v8-m.main/nofp/libg_nano.a
LOAD /home/adrian/.mcuxpressotools/arm-gnu-toolchain-14.2.rel1-x86_64-arm-none-eabi/bin/../lib/gcc/arm-none-eabi/14.2.1/../../../../arm-none-eabi/lib/thumb/v8-m.main/nofp/libc_nano.a
END GROUP
START GROUP
LOAD /home/adrian/.mcuxpressotools/arm-gnu-toolchain-14.2.rel1-x86_64-arm-none-eabi/bin/../lib/gcc/arm-none-eabi/14.2.1/thumb/v8-m.main/nofp/libgcc.a
LOAD /home/adrian/.mcuxpressotools/arm-gnu-toolchain-14.2.rel1-x86_64-arm-none-eabi/bin/../lib/gcc/arm-none-eabi/14.2.1/../../../../arm-none-eabi/lib/thumb/v8-m.main/nofp/libc_nano.a
LOAD /home/adrian/.mcuxpressotools/arm-gnu-toolchain-14.2.rel1-x86_64-arm-none-eabi/bin/../lib/gcc/arm-none-eabi/14.2.1/../../../../arm-none-eabi/lib/thumb/v8-m.main/nofp/libnosys.a
END GROUP
START GROUP
LOAD /home/adrian/.mcuxpressotools/arm-gnu-toolchain-14.2.rel1-x86_64-arm-none-eabi/bin/../lib/gcc/arm-none-eabi/14.2.1/thumb/v8-m.main/nofp/libgcc.a
LOAD /home/adrian/.mcuxpressotools/arm-gnu-toolchain-14.2.rel1-x86_64-arm-none-eabi/bin/../lib/gcc/arm-none-eabi/14.2.1/../../../../arm-none-eabi/lib/thumb/v8-m.main/nofp/libc_nano.a
LOAD /home/adrian/.mcuxpressotools/arm-gnu-toolchain-14.2.rel1-x86_64-arm-none-eabi/bin/../lib/gcc/arm-none-eabi/14.2.1/../../../../arm-none-eabi/lib/thumb/v8-m.main/nofp/libnosys.a
END GROUP
LOAD /home/adrian/.mcuxpressotools/arm-gnu-toolchain-14.2.rel1-x86_64-arm-none-eabi/bin/../lib/gcc/arm-none-eabi/14.2.1/thumb/v8-m.main/nofp/crtend.o
LOAD /home/adrian/.mcuxpressotools/arm-gnu-toolchain-14.2.rel1-x86_64-arm-none-eabi/bin/../lib/gcc/arm-none-eabi/14.2.1/thumb/v8-m.main/nofp/crtn.o
                0x00000400                        HEAP_SIZE = DEFINED (__heap_size__)?__heap_size__:0x400
                0x00000800                        STACK_SIZE = DEFINED (__stack_size__)?__stack_size__:0x800

.interrupts     0x00000000      0x180
                0x00000000                        . = ALIGN (0x4)
 *(.isr_vector)
 .isr_vector    0x00000000      0x180 CMakeFiles/MCXA153_Touch_Audio_Workstation.dir/home/adrian/Facultate/Proiecte/NXP_Summer_School/mcuxsdk/mcuxsdk/devices/MCX/MCXA/MCXA153/gcc/startup_MCXA153.S.obj
                0x00000000                __Vectors
                0x00000180                        . = ALIGN (0x4)

.text           0x00000200     0x47e0
                0x00000200                        . = ALIGN (0x4)
 *(.text)
 .text          0x00000200       0x7c /home/adrian/.mcuxpressotools/arm-gnu-toolchain-14.2.rel1-x86_64-arm-none-eabi/bin/../lib/gcc/arm-none-eabi/14.2.1/../../../../arm-none-eabi/lib/thumb/v8-m.main/nofp/crt0.o
                0x00000200                _stack_init
                0x00000208                _mainCRTStartup
                0x00000208                _start
 .text          0x0000027c      0x340 CMakeFiles/MCXA153_Touch_Audio_Workstation.dir/home/adrian/Facultate/Proiecte/NXP_Summer_School/mcuxsdk/mcuxsdk/devices/MCX/MCXA/MCXA153/gcc/startup_MCXA153.S.obj
                0x0000027c                Reset_Handler
                0x00000310                GLIKEY0_DriverIRQHandler
                0x00000310                CMC_DriverIRQHandler
                0x00000310                WUU0_DriverIRQHandler
                0x00000310                DebugMon_Handler
                0x00000310                Reserved33_DriverIRQHandler
                0x00000310                I3C0_DriverIRQHandler
                0x00000310                Reserved39_DriverIRQHandler
                0x00000310                WAKETIMER0_DriverIRQHandler
                0x00000310                MBC0_DriverIRQHandler
                0x00000310                LPTMR0_DriverIRQHandler
                0x00000310                FLEXPWM0_SUBMODULE1_DriverIRQHandler
                0x00000310                LPI2C0_DriverIRQHandler
                0x00000310                FLEXPWM0_RELOAD_ERROR_DriverIRQHandler
                0x00000310                QDC0_HOME_DriverIRQHandler
                0x00000310                Reserved82_DriverIRQHandler
                0x00000310                QDC0_WATCHDOG_DriverIRQHandler
                0x00000310                ERM0_MULTI_BIT_DriverIRQHandler
                0x00000310                Reserved36_DriverIRQHandler
                0x00000310                CTIMER2_DriverIRQHandler
                0x00000310                UsageFault_Handler
                0x00000310                CMP1_DriverIRQHandler
                0x00000310                DefaultISR
                0x00000310                USB0_DriverIRQHandler
                0x00000310                QDC0_INDEX_DriverIRQHandler
                0x00000310                UTICK0_DriverIRQHandler
                0x00000310                Reserved41_DriverIRQHandler
                0x00000310                FLEXPWM0_SUBMODULE2_DriverIRQHandler
                0x00000310                WWDT0_DriverIRQHandler
                0x00000310                Reserved84_DriverIRQHandler
                0x00000310                FLEXPWM0_FAULT_DriverIRQHandler
                0x00000310                GPIO0_DriverIRQHandler
                0x00000310                Reserved38_DriverIRQHandler
                0x00000310                FREQME0_DriverIRQHandler
                0x00000310                Reserved22_DriverIRQHandler
                0x00000310                Reserved53_DriverIRQHandler
                0x00000310                Reserved35_DriverIRQHandler
                0x00000310                CTIMER0_DriverIRQHandler
                0x00000310                Reserved79_DriverIRQHandler
                0x00000310                Reserved91_DriverIRQHandler
                0x00000310                Reserved24_DriverIRQHandler
                0x00000310                CTIMER1_DriverIRQHandler
                0x00000310                QDC0_COMPARE_DriverIRQHandler
                0x00000310                SecureFault_Handler
                0x00000310                Reserved92_DriverIRQHandler
                0x00000310                Reserved95_DriverIRQHandler
                0x00000310                LPSPI0_DriverIRQHandler
                0x00000310                DMA_CH3_DriverIRQHandler
                0x00000310                Reserved83_DriverIRQHandler
                0x00000310                Reserved72_DriverIRQHandler
                0x00000310                Reserved23_DriverIRQHandler
                0x00000310                Reserved93_DriverIRQHandler
                0x00000310                Reserved65_DriverIRQHandler
                0x00000310                ERM0_SINGLE_BIT_DriverIRQHandler
                0x00000310                DMA_CH2_DriverIRQHandler
                0x00000310                MemManage_Handler
                0x00000310                Reserved51_DriverIRQHandler
                0x00000310                Reserved25_DriverIRQHandler
                0x00000310                Reserved94_DriverIRQHandler
                0x00000310                FMU0_DriverIRQHandler
                0x00000310                LPSPI1_DriverIRQHandler
                0x00000310                Reserved77_DriverIRQHandler
                0x00000310                Reserved16_DriverIRQHandler
                0x00000310                GPIO2_DriverIRQHandler
                0x00000310                Reserved85_DriverIRQHandler
                0x00000310                ADC0_DriverIRQHandler
                0x00000310                CMP0_DriverIRQHandler
                0x00000310                CDOG0_DriverIRQHandler
                0x00000310                Reserved59_DriverIRQHandler
                0x00000310                DMA_CH0_DriverIRQHandler
                0x00000310                Reserved58_DriverIRQHandler
                0x00000310                DMA_CH1_DriverIRQHandler
                0x00000310                SPC0_DriverIRQHandler
                0x00000310                BusFault_Handler
                0x00000310                Reserved43_DriverIRQHandler
                0x00000310                Reserved46_DriverIRQHandler
                0x00000310                Reserved37_DriverIRQHandler
                0x00000310                Reserved86_DriverIRQHandler
                0x00000310                GPIO1_DriverIRQHandler
                0x00000310                FLEXPWM0_SUBMODULE0_DriverIRQHandler
                0x00000310                Reserved50_DriverIRQHandler
                0x00000310                OS_EVENT_DriverIRQHandler
                0x00000310                SCG0_DriverIRQHandler
                0x00000310                GPIO3_DriverIRQHandler
                0x00000314                NMI_Handler
                0x00000318                HardFault_Handler
                0x0000031c                SVC_Handler
                0x00000320                PendSV_Handler
                0x00000324                SysTick_Handler
                0x00000328                Reserved16_IRQHandler
                0x0000032c                CMC_IRQHandler
                0x00000330                DMA_CH0_IRQHandler
                0x00000334                DMA_CH1_IRQHandler
                0x00000338                DMA_CH2_IRQHandler
                0x0000033c                DMA_CH3_IRQHandler
                0x00000340                Reserved22_IRQHandler
                0x00000344                Reserved23_IRQHandler
                0x00000348                Reserved24_IRQHandler
                0x0000034c                Reserved25_IRQHandler
                0x00000350                ERM0_SINGLE_BIT_IRQHandler
                0x00000354                ERM0_MULTI_BIT_IRQHandler
                0x00000358                FMU0_IRQHandler
                0x0000035c                GLIKEY0_IRQHandler
                0x00000360                MBC0_IRQHandler
                0x00000364                SCG0_IRQHandler
                0x00000368                SPC0_IRQHandler
                0x0000036c                Reserved33_IRQHandler
                0x00000370                WUU0_IRQHandler
                0x00000374                Reserved35_IRQHandler
                0x00000378                Reserved36_IRQHandler
                0x0000037c                Reserved37_IRQHandler
                0x00000380                Reserved38_IRQHandler
                0x00000384                Reserved39_IRQHandler
                0x00000388                I3C0_IRQHandler
                0x0000038c                Reserved41_IRQHandler
                0x00000390                LPI2C0_IRQHandler
                0x00000394                Reserved43_IRQHandler
                0x00000398                LPSPI0_IRQHandler
                0x0000039c                LPSPI1_IRQHandler
                0x000003a0                Reserved46_IRQHandler
                0x000003a4                LPUART0_IRQHandler
                0x000003a8                LPUART1_IRQHandler
                0x000003ac                LPUART2_IRQHandler
                0x000003b0                Reserved50_IRQHandler
                0x000003b4                Reserved51_IRQHandler
                0x000003b8                USB0_IRQHandler
                0x000003bc                Reserved53_IRQHandler
                0x000003c0                CDOG0_IRQHandler
                0x000003c4                CTIMER0_IRQHandler
                0x000003c8                CTIMER1_IRQHandler
                0x000003cc                CTIMER2_IRQHandler
                0x000003d0                Reserved58_IRQHandler
                0x000003d4                Reserved59_IRQHandler
                0x000003d8                FLEXPWM0_RELOAD_ERROR_IRQHandler
                0x000003dc                FLEXPWM0_FAULT_IRQHandler
                0x000003e0                FLEXPWM0_SUBMODULE0_IRQHandler
                0x000003e4                FLEXPWM0_SUBMODULE1_IRQHandler
                0x000003e8                FLEXPWM0_SUBMODULE2_IRQHandler
                0x000003ec                Reserved65_IRQHandler
                0x000003f0                QDC0_COMPARE_IRQHandler
                0x000003f4                QDC0_HOME_IRQHandler
                0x000003f8                QDC0_WATCHDOG_IRQHandler
                0x000003fc                QDC0_INDEX_IRQHandler
                0x00000400                FREQME0_IRQHandler
                0x00000404                LPTMR0_IRQHandler
                0x00000408                Reserved72_IRQHandler
                0x0000040c                OS_EVENT_IRQHandler
                0x00000410                WAKETIMER0_IRQHandler
                0x00000414                UTICK0_IRQHandler
                0x00000418                WWDT0_IRQHandler
                0x0000041c                Reserved77_IRQHandler
                0x00000420                ADC0_IRQHandler
                0x00000424                Reserved79_IRQHandler
                0x00000428                CMP0_IRQHandler
                0x0000042c                CMP1_IRQHandler
                0x00000430                Reserved82_IRQHandler
                0x00000434                Reserved83_IRQHandler
                0x00000438                Reserved84_IRQHandler
                0x0000043c                Reserved85_IRQHandler
                0x00000440                Reserved86_IRQHandler
                0x00000444                GPIO0_IRQHandler
                0x00000448                GPIO1_IRQHandler
                0x0000044c                GPIO2_IRQHandler
                0x00000450                GPIO3_IRQHandler
                0x00000454                Reserved91_IRQHandler
                0x00000458                Reserved92_IRQHandler
                0x0000045c                Reserved93_IRQHandler
                0x00000460                Reserved94_IRQHandler
                0x00000464                Reserved95_IRQHandler
 .text          0x000005bc       0x10 /home/adrian/.mcuxpressotools/arm-gnu-toolchain-14.2.rel1-x86_64-arm-none-eabi/bin/../lib/gcc/arm-none-eabi/14.2.1/../../../../arm-none-eabi/lib/thumb/v8-m.main/nofp/libc_nano.a(libc_a-strlen.o)
                0x000005bc                strlen
 *(.text*)
 .text.deregister_tm_clones
                0x000005cc       0x1c /home/adrian/.mcuxpressotools/arm-gnu-toolchain-14.2.rel1-x86_64-arm-none-eabi/bin/../lib/gcc/arm-none-eabi/14.2.1/thumb/v8-m.main/nofp/crtbegin.o
 .text.register_tm_clones
                0x000005e8       0x28 /home/adrian/.mcuxpressotools/arm-gnu-toolchain-14.2.rel1-x86_64-arm-none-eabi/bin/../lib/gcc/arm-none-eabi/14.2.1/thumb/v8-m.main/nofp/crtbegin.o
 .text.__do_global_dtors_aux
                0x00000610       0x28 /home/adrian/.mcuxpressotools/arm-gnu-toolchain-14.2.rel1-x86_64-arm-none-eabi/bin/../lib/gcc/arm-none-eabi/14.2.1/thumb/v8-m.main/nofp/crtbegin.o
 .text.frame_dummy
                0x00000638       0x24 /home/adrian/.mcuxpressotools/arm-gnu-toolchain-14.2.rel1-x86_64-arm-none-eabi/bin/../lib/gcc/arm-none-eabi/14.2.1/thumb/v8-m.main/nofp/crtbegin.o
 .text.SystemInit
                0x0000065c      0x140 CMakeFiles/MCXA153_Touch_Audio_Workstation.dir/home/adrian/Facultate/Proiecte/NXP_Summer_School/mcuxsdk/mcuxsdk/devices/MCX/MCXA/MCXA153/system_MCXA153.c.obj
                0x0000065c                SystemInit
 .text.SystemInitHook
                0x0000079c        0xc CMakeFiles/MCXA153_Touch_Audio_Workstation.dir/home/adrian/Facultate/Proiecte/NXP_Summer_School/mcuxsdk/mcuxsdk/devices/MCX/MCXA/MCXA153/system_MCXA153.c.obj
                0x0000079c                SystemInitHook
 .text.CLOCK_AttachClk
                0x000007a8       0x30 CMakeFiles/MCXA153_Touch_Audio_Workstation.dir/home/adrian/Facultate/Proiecte/NXP_Summer_School/mcuxsdk/mcuxsdk/devices/MCX/MCXA/MCXA153/drivers/fsl_clock.c.obj
                0x000007a8                CLOCK_AttachClk
 .text.CLOCK_SetClockSelect
                0x000007d8       0xa4 CMakeFiles/MCXA153_Touch_Audio_Workstation.dir/home/adrian/Facultate/Proiecte/NXP_Summer_School/mcuxsdk/mcuxsdk/devices/MCX/MCXA/MCXA153/drivers/fsl_clock.c.obj
                0x000007d8                CLOCK_SetClockSelect
 .text.CLOCK_SetClockDiv
                0x0000087c       0xe0 CMakeFiles/MCXA153_Touch_Audio_Workstation.dir/home/adrian/Facultate/Proiecte/NXP_Summer_School/mcuxsdk/mcuxsdk/devices/MCX/MCXA/MCXA153/drivers/fsl_clock.c.obj
                0x0000087c                CLOCK_SetClockDiv
 .text.CLOCK_SetupFROHFClocking
                0x0000095c       0xf4 CMakeFiles/MCXA153_Touch_Audio_Workstation.dir/home/adrian/Facultate/Proiecte/NXP_Summer_School/mcuxsdk/mcuxsdk/devices/MCX/MCXA/MCXA153/drivers/fsl_clock.c.obj
                0x0000095c                CLOCK_SetupFROHFClocking
 .text.CLOCK_SetupFRO12MClocking
                0x00000a50       0x54 CMakeFiles/MCXA153_Touch_Audio_Workstation.dir/home/adrian/Facultate/Proiecte/NXP_Summer_School/mcuxsdk/mcuxsdk/devices/MCX/MCXA/MCXA153/drivers/fsl_clock.c.obj
                0x00000a50                CLOCK_SetupFRO12MClocking
 .text.CLOCK_GetFro12MFreq
                0x00000aa4       0x28 CMakeFiles/MCXA153_Touch_Audio_Workstation.dir/home/adrian/Facultate/Proiecte/NXP_Summer_School/mcuxsdk/mcuxsdk/devices/MCX/MCXA/MCXA153/drivers/fsl_clock.c.obj
 .text.CLOCK_GetFroHfFreq
                0x00000acc       0xc0 CMakeFiles/MCXA153_Touch_Audio_Workstation.dir/home/adrian/Facultate/Proiecte/NXP_Summer_School/mcuxsdk/mcuxsdk/devices/MCX/MCXA/MCXA153/drivers/fsl_clock.c.obj
 .text.CLOCK_GetClk16KFreq
                0x00000b8c       0x48 CMakeFiles/MCXA153_Touch_Audio_Workstation.dir/home/adrian/Facultate/Proiecte/NXP_Summer_School/mcuxsdk/mcuxsdk/devices/MCX/MCXA/MCXA153/drivers/fsl_clock.c.obj
 .text.CLOCK_GetExtClkFreq
                0x00000bd4       0x2c CMakeFiles/MCXA153_Touch_Audio_Workstation.dir/home/adrian/Facultate/Proiecte/NXP_Summer_School/mcuxsdk/mcuxsdk/devices/MCX/MCXA/MCXA153/drivers/fsl_clock.c.obj
 .text.CLOCK_GetMainClk
                0x00000c00       0x68 CMakeFiles/MCXA153_Touch_Audio_Workstation.dir/home/adrian/Facultate/Proiecte/NXP_Summer_School/mcuxsdk/mcuxsdk/devices/MCX/MCXA/MCXA153/drivers/fsl_clock.c.obj
                0x00000c00                CLOCK_GetMainClk
 .text.CLOCK_GetCoreSysClkFreq
                0x00000c68       0x20 CMakeFiles/MCXA153_Touch_Audio_Workstation.dir/home/adrian/Facultate/Proiecte/NXP_Summer_School/mcuxsdk/mcuxsdk/devices/MCX/MCXA/MCXA153/drivers/fsl_clock.c.obj
                0x00000c68                CLOCK_GetCoreSysClkFreq
 .text.RESET_SetPeripheralReset
                0x00000c88       0xc8 CMakeFiles/MCXA153_Touch_Audio_Workstation.dir/home/adrian/Facultate/Proiecte/NXP_Summer_School/mcuxsdk/mcuxsdk/devices/MCX/MCXA/MCXA153/drivers/fsl_reset.c.obj
                0x00000c88                RESET_SetPeripheralReset
 .text.RESET_ClearPeripheralReset
                0x00000d50       0xa8 CMakeFiles/MCXA153_Touch_Audio_Workstation.dir/home/adrian/Facultate/Proiecte/NXP_Summer_School/mcuxsdk/mcuxsdk/devices/MCX/MCXA/MCXA153/drivers/fsl_reset.c.obj
                0x00000d50                RESET_ClearPeripheralReset
 .text.RESET_PeripheralReset
                0x00000df8       0x22 CMakeFiles/MCXA153_Touch_Audio_Workstation.dir/home/adrian/Facultate/Proiecte/NXP_Summer_School/mcuxsdk/mcuxsdk/devices/MCX/MCXA/MCXA153/drivers/fsl_reset.c.obj
                0x00000df8                RESET_PeripheralReset
 *fill*         0x00000e1a        0x2 
 .text.CLOCK_EnableClock
                0x00000e1c       0x88 CMakeFiles/MCXA153_Touch_Audio_Workstation.dir/home/adrian/Facultate/Proiecte/NXP_Summer_School/mcuxsdk/mcuxsdk/drivers/gpio/fsl_gpio.c.obj
 .text.CLOCK_DisableClock
                0x00000ea4       0x98 CMakeFiles/MCXA153_Touch_Audio_Workstation.dir/home/adrian/Facultate/Proiecte/NXP_Summer_School/mcuxsdk/mcuxsdk/drivers/gpio/fsl_gpio.c.obj
 .text.GPIO_PinWrite
                0x00000f3c       0x34 CMakeFiles/MCXA153_Touch_Audio_Workstation.dir/home/adrian/Facultate/Proiecte/NXP_Summer_School/mcuxsdk/mcuxsdk/drivers/gpio/fsl_gpio.c.obj
 .text.GPIO_GetInstance
                0x00000f70       0x58 CMakeFiles/MCXA153_Touch_Audio_Workstation.dir/home/adrian/Facultate/Proiecte/NXP_Summer_School/mcuxsdk/mcuxsdk/drivers/gpio/fsl_gpio.c.obj
 .text.GPIO_PortClockEnable
                0x00000fc8       0x64 CMakeFiles/MCXA153_Touch_Audio_Workstation.dir/home/adrian/Facultate/Proiecte/NXP_Summer_School/mcuxsdk/mcuxsdk/drivers/gpio/fsl_gpio.c.obj
 .text.GPIO_PinInit
                0x0000102c       0x78 CMakeFiles/MCXA153_Touch_Audio_Workstation.dir/home/adrian/Facultate/Proiecte/NXP_Summer_School/mcuxsdk/mcuxsdk/drivers/gpio/fsl_gpio.c.obj
                0x0000102c                GPIO_PinInit
 .text.CLOCK_EnableClock
                0x000010a4       0x88 CMakeFiles/MCXA153_Touch_Audio_Workstation.dir/home/adrian/Facultate/Proiecte/NXP_Summer_School/mcuxsdk/mcuxsdk/drivers/lpuart/fsl_lpuart.c.obj
 .text.RESET_ReleasePeripheralReset
                0x0000112c       0x1a CMakeFiles/MCXA153_Touch_Audio_Workstation.dir/home/adrian/Facultate/Proiecte/NXP_Summer_School/mcuxsdk/mcuxsdk/drivers/lpuart/fsl_lpuart.c.obj
 .text.LPUART_SoftwareReset
                0x00001146       0x2a CMakeFiles/MCXA153_Touch_Audio_Workstation.dir/home/adrian/Facultate/Proiecte/NXP_Summer_School/mcuxsdk/mcuxsdk/drivers/lpuart/fsl_lpuart.c.obj
 .text.LPUART_GetInstance
                0x00001170       0x58 CMakeFiles/MCXA153_Touch_Audio_Workstation.dir/home/adrian/Facultate/Proiecte/NXP_Summer_School/mcuxsdk/mcuxsdk/drivers/lpuart/fsl_lpuart.c.obj
                0x00001170                LPUART_GetInstance
 .text.LPUART_Init
                0x000011c8      0x400 CMakeFiles/MCXA153_Touch_Audio_Workstation.dir/home/adrian/Facultate/Proiecte/NXP_Summer_School/mcuxsdk/mcuxsdk/drivers/lpuart/fsl_lpuart.c.obj
                0x000011c8                LPUART_Init
 .text.LPUART_GetDefaultConfig
                0x000015c8       0xb0 CMakeFiles/MCXA153_Touch_Audio_Workstation.dir/home/adrian/Facultate/Proiecte/NXP_Summer_School/mcuxsdk/mcuxsdk/drivers/lpuart/fsl_lpuart.c.obj
                0x000015c8                LPUART_GetDefaultConfig
 .text.LPUART_GetStatusFlags
                0x00001678       0x38 CMakeFiles/MCXA153_Touch_Audio_Workstation.dir/home/adrian/Facultate/Proiecte/NXP_Summer_School/mcuxsdk/mcuxsdk/drivers/lpuart/fsl_lpuart.c.obj
                0x00001678                LPUART_GetStatusFlags
 .text.LPUART_ClearStatusFlags
                0x000016b0       0x7c CMakeFiles/MCXA153_Touch_Audio_Workstation.dir/home/adrian/Facultate/Proiecte/NXP_Summer_School/mcuxsdk/mcuxsdk/drivers/lpuart/fsl_lpuart.c.obj
                0x000016b0                LPUART_ClearStatusFlags
 .text.LPUART_WriteBlocking
                0x0000172c       0x78 CMakeFiles/MCXA153_Touch_Audio_Workstation.dir/home/adrian/Facultate/Proiecte/NXP_Summer_School/mcuxsdk/mcuxsdk/drivers/lpuart/fsl_lpuart.c.obj
                0x0000172c                LPUART_WriteBlocking
 .text.LPUART_WaitForReadData
                0x000017a4       0xd0 CMakeFiles/MCXA153_Touch_Audio_Workstation.dir/home/adrian/Facultate/Proiecte/NXP_Summer_School/mcuxsdk/mcuxsdk/drivers/lpuart/fsl_lpuart.c.obj
 .text.LPUART_ReadBlocking
                0x00001874       0xc0 CMakeFiles/MCXA153_Touch_Audio_Workstation.dir/home/adrian/Facultate/Proiecte/NXP_Summer_School/mcuxsdk/mcuxsdk/drivers/lpuart/fsl_lpuart.c.obj
                0x00001874                LPUART_ReadBlocking
 .text.LPUART0_DriverIRQHandler
                0x00001934       0x24 CMakeFiles/MCXA153_Touch_Audio_Workstation.dir/home/adrian/Facultate/Proiecte/NXP_Summer_School/mcuxsdk/mcuxsdk/drivers/lpuart/fsl_lpuart.c.obj
                0x00001934                LPUART0_DriverIRQHandler
 .text.LPUART1_DriverIRQHandler
                0x00001958       0x24 CMakeFiles/MCXA153_Touch_Audio_Workstation.dir/home/adrian/Facultate/Proiecte/NXP_Summer_School/mcuxsdk/mcuxsdk/drivers/lpuart/fsl_lpuart.c.obj
                0x00001958                LPUART1_DriverIRQHandler
 .text.LPUART2_DriverIRQHandler
                0x0000197c       0x24 CMakeFiles/MCXA153_Touch_Audio_Workstation.dir/home/adrian/Facultate/Proiecte/NXP_Summer_School/mcuxsdk/mcuxsdk/drivers/lpuart/fsl_lpuart.c.obj
                0x0000197c                LPUART2_DriverIRQHandler
 .text.SPC_GetActiveModeBandgapMode
                0x000019a0       0x20 CMakeFiles/MCXA153_Touch_Audio_Workstation.dir/home/adrian/Facultate/Proiecte/NXP_Summer_School/mcuxsdk/mcuxsdk/drivers/mcx_spc/fsl_spc.c.obj
 .text.SPC_GetActiveModeVoltageDetectStatus
                0x000019c0       0x20 CMakeFiles/MCXA153_Touch_Audio_Workstation.dir/home/adrian/Facultate/Proiecte/NXP_Summer_School/mcuxsdk/mcuxsdk/drivers/mcx_spc/fsl_spc.c.obj
 .text.SPC_GetActiveModeCoreLDOVDDVoltageLevel
                0x000019e0       0x20 CMakeFiles/MCXA153_Touch_Audio_Workstation.dir/home/adrian/Facultate/Proiecte/NXP_Summer_School/mcuxsdk/mcuxsdk/drivers/mcx_spc/fsl_spc.c.obj
 .text.SPC_GetActiveModeCoreLDODriveStrength
                0x00001a00       0x20 CMakeFiles/MCXA153_Touch_Audio_Workstation.dir/home/adrian/Facultate/Proiecte/NXP_Summer_School/mcuxsdk/mcuxsdk/drivers/mcx_spc/fsl_spc.c.obj
 .text.SPC_SetSRAMOperateVoltage
                0x00001a20       0x68 CMakeFiles/MCXA153_Touch_Audio_Workstation.dir/home/adrian/Facultate/Proiecte/NXP_Summer_School/mcuxsdk/mcuxsdk/drivers/mcx_spc/fsl_spc.c.obj
                0x00001a20                SPC_SetSRAMOperateVoltage
 .text.SPC_SetActiveModeCoreLDORegulatorConfig
                0x00001a88       0x94 CMakeFiles/MCXA153_Touch_Audio_Workstation.dir/home/adrian/Facultate/Proiecte/NXP_Summer_School/mcuxsdk/mcuxsdk/drivers/mcx_spc/fsl_spc.c.obj
                0x00001a88                SPC_SetActiveModeCoreLDORegulatorConfig
 .text.SPC_SetActiveModeCoreLDORegulatorVoltageLevel
                0x00001b1c       0x60 CMakeFiles/MCXA153_Touch_Audio_Workstation.dir/home/adrian/Facultate/Proiecte/NXP_Summer_School/mcuxsdk/mcuxsdk/drivers/mcx_spc/fsl_spc.c.obj
                0x00001b1c                SPC_SetActiveModeCoreLDORegulatorVoltageLevel
 .text.SPC_SetActiveModeCoreLDORegulatorDriveStrength
                0x00001b7c       0x5e CMakeFiles/MCXA153_Touch_Audio_Workstation.dir/home/adrian/Facultate/Proiecte/NXP_Summer_School/mcuxsdk/mcuxsdk/drivers/mcx_spc/fsl_spc.c.obj
                0x00001b7c                SPC_SetActiveModeCoreLDORegulatorDriveStrength
 .text.fsl_assert_hook
                0x00001bda       0x18 CMakeFiles/MCXA153_Touch_Audio_Workstation.dir/home/adrian/Facultate/Proiecte/NXP_Summer_School/mcuxsdk/mcuxsdk/components/assert/fsl_assert.c.obj
                0x00001bda                fsl_assert_hook
 *fill*         0x00001bf2        0x2 
 .text.__assert_func
                0x00001bf4       0x40 CMakeFiles/MCXA153_Touch_Audio_Workstation.dir/home/adrian/Facultate/Proiecte/NXP_Summer_School/mcuxsdk/mcuxsdk/components/assert/fsl_assert.c.obj
                0x00001bf4                __assert_func
 .text.DbgConsole_Init
                0x00001c34       0x88 CMakeFiles/MCXA153_Touch_Audio_Workstation.dir/home/adrian/Facultate/Proiecte/NXP_Summer_School/mcuxsdk/mcuxsdk/components/debug_console_lite/fsl_debug_console.c.obj
                0x00001c34                DbgConsole_Init
 .text.DbgConsole_Printf
                0x00001cbc       0x2c CMakeFiles/MCXA153_Touch_Audio_Workstation.dir/home/adrian/Facultate/Proiecte/NXP_Summer_School/mcuxsdk/mcuxsdk/components/debug_console_lite/fsl_debug_console.c.obj
                0x00001cbc                DbgConsole_Printf
 .text.DbgConsole_Vprintf
                0x00001ce8       0x3c CMakeFiles/MCXA153_Touch_Audio_Workstation.dir/home/adrian/Facultate/Proiecte/NXP_Summer_School/mcuxsdk/mcuxsdk/components/debug_console_lite/fsl_debug_console.c.obj
                0x00001ce8                DbgConsole_Vprintf
 .text.DbgConsole_Putchar
                0x00001d24       0x30 CMakeFiles/MCXA153_Touch_Audio_Workstation.dir/home/adrian/Facultate/Proiecte/NXP_Summer_School/mcuxsdk/mcuxsdk/components/debug_console_lite/fsl_debug_console.c.obj
                0x00001d24                DbgConsole_Putchar
 .text.DbgConsole_PrintfPaddingCharacter
                0x00001d54       0x40 CMakeFiles/MCXA153_Touch_Audio_Workstation.dir/home/adrian/Facultate/Proiecte/NXP_Summer_School/mcuxsdk/mcuxsdk/components/debug_console_lite/fsl_debug_console.c.obj
 .text.DbgConsole_ConvertRadixNumToString
                0x00001d94       0xc0 CMakeFiles/MCXA153_Touch_Audio_Workstation.dir/home/adrian/Facultate/Proiecte/NXP_Summer_School/mcuxsdk/mcuxsdk/components/debug_console_lite/fsl_debug_console.c.obj
 .text.DbgConsole_PrintfFormattedData
                0x00001e54      0x3e0 CMakeFiles/MCXA153_Touch_Audio_Workstation.dir/home/adrian/Facultate/Proiecte/NXP_Summer_School/mcuxsdk/mcuxsdk/components/debug_console_lite/fsl_debug_console.c.obj
 .text._write   0x00002234       0x22 CMakeFiles/MCXA153_Touch_Audio_Workstation.dir/home/adrian/Facultate/Proiecte/NXP_Summer_School/mcuxsdk/mcuxsdk/components/misc_utilities/fsl_syscall_stub.c.obj
                0x00002234                _write
 .text._read    0x00002256       0x22 CMakeFiles/MCXA153_Touch_Audio_Workstation.dir/home/adrian/Facultate/Proiecte/NXP_Summer_School/mcuxsdk/mcuxsdk/components/misc_utilities/fsl_syscall_stub.c.obj
                0x00002256                _read
 .text._close   0x00002278       0x1e CMakeFiles/MCXA153_Touch_Audio_Workstation.dir/home/adrian/Facultate/Proiecte/NXP_Summer_School/mcuxsdk/mcuxsdk/components/misc_utilities/fsl_syscall_stub.c.obj
                0x00002278                _close
 .text._lseek   0x00002296       0x22 CMakeFiles/MCXA153_Touch_Audio_Workstation.dir/home/adrian/Facultate/Proiecte/NXP_Summer_School/mcuxsdk/mcuxsdk/components/misc_utilities/fsl_syscall_stub.c.obj
                0x00002296                _lseek
 .text._fstat   0x000022b8       0x20 CMakeFiles/MCXA153_Touch_Audio_Workstation.dir/home/adrian/Facultate/Proiecte/NXP_Summer_School/mcuxsdk/mcuxsdk/components/misc_utilities/fsl_syscall_stub.c.obj
                0x000022b8                _fstat
 .text._isatty  0x000022d8       0x1c CMakeFiles/MCXA153_Touch_Audio_Workstation.dir/home/adrian/Facultate/Proiecte/NXP_Summer_School/mcuxsdk/mcuxsdk/components/misc_utilities/fsl_syscall_stub.c.obj
                0x000022d8                _isatty
 .text._sbrk    0x000022f4       0x68 CMakeFiles/MCXA153_Touch_Audio_Workstation.dir/home/adrian/Facultate/Proiecte/NXP_Summer_School/mcuxsdk/mcuxsdk/components/misc_utilities/fsl_sbrk.c.obj
                0x000022f4                _sbrk
 .text.memcpy   0x0000235c       0xa0 CMakeFiles/MCXA153_Touch_Audio_Workstation.dir/home/adrian/Facultate/Proiecte/NXP_Summer_School/mcuxsdk/mcuxsdk/components/misc_utilities/fsl_memcpy.S.obj
                0x0000235c                memcpy
 .text.memset   0x000023fc       0x54 CMakeFiles/MCXA153_Touch_Audio_Workstation.dir/home/adrian/Facultate/Proiecte/NXP_Summer_School/mcuxsdk/mcuxsdk/components/misc_utilities/fsl_memset.S.obj
                0x000023fc                memset
 .text.HAL_UartGetStatus
                0x00002450       0x26 CMakeFiles/MCXA153_Touch_Audio_Workstation.dir/home/adrian/Facultate/Proiecte/NXP_Summer_School/mcuxsdk/mcuxsdk/components/uart/fsl_adapter_lpuart.c.obj
 *fill*         0x00002476        0x2 
 .text.HAL_UartInitCommon
                0x00002478       0xe0 CMakeFiles/MCXA153_Touch_Audio_Workstation.dir/home/adrian/Facultate/Proiecte/NXP_Summer_School/mcuxsdk/mcuxsdk/components/uart/fsl_adapter_lpuart.c.obj
 .text.HAL_UartInit
                0x00002558       0xac CMakeFiles/MCXA153_Touch_Audio_Workstation.dir/home/adrian/Facultate/Proiecte/NXP_Summer_School/mcuxsdk/mcuxsdk/components/uart/fsl_adapter_lpuart.c.obj
                0x00002558                HAL_UartInit
 .text.HAL_UartReceiveBlocking
                0x00002604       0x8c CMakeFiles/MCXA153_Touch_Audio_Workstation.dir/home/adrian/Facultate/Proiecte/NXP_Summer_School/mcuxsdk/mcuxsdk/components/uart/fsl_adapter_lpuart.c.obj
                0x00002604                HAL_UartReceiveBlocking
 .text.HAL_UartSendBlocking
                0x00002690       0x84 CMakeFiles/MCXA153_Touch_Audio_Workstation.dir/home/adrian/Facultate/Proiecte/NXP_Summer_School/mcuxsdk/mcuxsdk/components/uart/fsl_adapter_lpuart.c.obj
                0x00002690                HAL_UartSendBlocking
 .text.BOARD_InitDebugConsole
                0x00002714       0x30 CMakeFiles/MCXA153_Touch_Audio_Workstation.dir/frdmmcxa153/frdmmcxa153/board.c.obj
                0x00002714                BOARD_InitDebugConsole
 .text.BOARD_InitBootClocks
                0x00002744        0xc CMakeFiles/MCXA153_Touch_Audio_Workstation.dir/frdmmcxa153/frdmmcxa153/clock_config.c.obj
                0x00002744                BOARD_InitBootClocks
 .text.BOARD_BootClockFRO96M
                0x00002750       0xd0 CMakeFiles/MCXA153_Touch_Audio_Workstation.dir/frdmmcxa153/frdmmcxa153/clock_config.c.obj
                0x00002750                BOARD_BootClockFRO96M
 .text.CLOCK_EnableClock
                0x00002820       0x88 CMakeFiles/MCXA153_Touch_Audio_Workstation.dir/frdmmcxa153/board/pin_mux.c.obj
 .text.RESET_ReleasePeripheralReset
                0x000028a8       0x1a CMakeFiles/MCXA153_Touch_Audio_Workstation.dir/frdmmcxa153/board/pin_mux.c.obj
 *fill*         0x000028c2        0x2 
 .text.PORT_SetPinConfig
                0x000028c4       0x48 CMakeFiles/MCXA153_Touch_Audio_Workstation.dir/frdmmcxa153/board/pin_mux.c.obj
 .text.BOARD_InitBootPins
                0x0000290c        0xc CMakeFiles/MCXA153_Touch_Audio_Workstation.dir/frdmmcxa153/board/pin_mux.c.obj
                0x0000290c                BOARD_InitBootPins
 .text.BOARD_InitPins
                0x00002918       0x64 CMakeFiles/MCXA153_Touch_Audio_Workstation.dir/frdmmcxa153/board/pin_mux.c.obj
                0x00002918                BOARD_InitPins
 .text.GPIO_PinRead
                0x0000297c       0x22 CMakeFiles/MCXA153_Touch_Audio_Workstation.dir/source/main.c.obj
 *fill*         0x0000299e        0x2 
 .text.delay_ms
                0x000029a0       0x40 CMakeFiles/MCXA153_Touch_Audio_Workstation.dir/source/main.c.obj
                0x000029a0                delay_ms
 .text.check_buttons
                0x000029e0       0xf8 CMakeFiles/MCXA153_Touch_Audio_Workstation.dir/source/main.c.obj
                0x000029e0                check_buttons
 .text.main     0x00002ad8       0x70 CMakeFiles/MCXA153_Touch_Audio_Workstation.dir/source/main.c.obj
                0x00002ad8                main
 .text.ui_display_init
                0x00002b48       0x14 CMakeFiles/MCXA153_Touch_Audio_Workstation.dir/source/ui_display.c.obj
                0x00002b48                ui_display_init
 .text.ui_display_mode
                0x00002b5c       0x34 CMakeFiles/MCXA153_Touch_Audio_Workstation.dir/source/ui_display.c.obj
                0x00002b5c                ui_display_mode
 .text.ui_display_process_loop
                0x00002b90       0xbc CMakeFiles/MCXA153_Touch_Audio_Workstation.dir/source/ui_display.c.obj
                0x00002b90                ui_display_process_loop
 .text.ui_handle_action1
                0x00002c4c       0x58 CMakeFiles/MCXA153_Touch_Audio_Workstation.dir/source/ui_display.c.obj
                0x00002c4c                ui_handle_action1
 .text.ui_handle_action2
                0x00002ca4       0x58 CMakeFiles/MCXA153_Touch_Audio_Workstation.dir/source/ui_display.c.obj
                0x00002ca4                ui_handle_action2
 .text.audio_dsp_init
                0x00002cfc       0x14 CMakeFiles/MCXA153_Touch_Audio_Workstation.dir/source/audio_dsp.c.obj
                0x00002cfc                audio_dsp_init
 .text.audio_dsp_process_loop
                0x00002d10        0xc CMakeFiles/MCXA153_Touch_Audio_Workstation.dir/source/audio_dsp.c.obj
                0x00002d10                audio_dsp_process_loop
 .text.sdcard_wav_init
                0x00002d1c       0x1c CMakeFiles/MCXA153_Touch_Audio_Workstation.dir/source/sdcard_wav.c.obj
                0x00002d1c                sdcard_wav_init
 .text.sdcard_wav_process_loop
                0x00002d38        0xc CMakeFiles/MCXA153_Touch_Audio_Workstation.dir/source/sdcard_wav.c.obj
                0x00002d38                sdcard_wav_process_loop
 .text.sdcard_is_inserted
                0x00002d44       0x14 CMakeFiles/MCXA153_Touch_Audio_Workstation.dir/source/sdcard_wav.c.obj
                0x00002d44                sdcard_is_inserted
 .text.wifi_esp_init
                0x00002d58       0x14 CMakeFiles/MCXA153_Touch_Audio_Workstation.dir/source/wifi_esp.c.obj
                0x00002d58                wifi_esp_init
 .text.wifi_esp_process_loop
                0x00002d6c        0xc CMakeFiles/MCXA153_Touch_Audio_Workstation.dir/source/wifi_esp.c.obj
                0x00002d6c                wifi_esp_process_loop
 .text.exit     0x00002d78       0x24 /home/adrian/.mcuxpressotools/arm-gnu-toolchain-14.2.rel1-x86_64-arm-none-eabi/bin/../lib/gcc/arm-none-eabi/14.2.1/../../../../arm-none-eabi/lib/thumb/v8-m.main/nofp/libc_nano.a(libc_a-exit.o)
                0x00002d78                exit
 .text.sbrk_aligned
                0x00002d9c       0x44 /home/adrian/.mcuxpressotools/arm-gnu-toolchain-14.2.rel1-x86_64-arm-none-eabi/bin/../lib/gcc/arm-none-eabi/14.2.1/../../../../arm-none-eabi/lib/thumb/v8-m.main/nofp/libc_nano.a(libc_a-mallocr.o)
 .text._malloc_r
                0x00002de0      0x100 /home/adrian/.mcuxpressotools/arm-gnu-toolchain-14.2.rel1-x86_64-arm-none-eabi/bin/../lib/gcc/arm-none-eabi/14.2.1/../../../../arm-none-eabi/lib/thumb/v8-m.main/nofp/libc_nano.a(libc_a-mallocr.o)
                0x00002de0                _malloc_r
 .text.__malloc_lock
                0x00002ee0        0xc /home/adrian/.mcuxpressotools/arm-gnu-toolchain-14.2.rel1-x86_64-arm-none-eabi/bin/../lib/gcc/arm-none-eabi/14.2.1/../../../../arm-none-eabi/lib/thumb/v8-m.main/nofp/libc_nano.a(libc_a-mlock.o)
                0x00002ee0                __malloc_lock
 .text.__malloc_unlock
                0x00002eec        0xc /home/adrian/.mcuxpressotools/arm-gnu-toolchain-14.2.rel1-x86_64-arm-none-eabi/bin/../lib/gcc/arm-none-eabi/14.2.1/../../../../arm-none-eabi/lib/thumb/v8-m.main/nofp/libc_nano.a(libc_a-mlock.o)
                0x00002eec                __malloc_unlock
 .text.std      0x00002ef8       0x6c /home/adrian/.mcuxpressotools/arm-gnu-toolchain-14.2.rel1-x86_64-arm-none-eabi/bin/../lib/gcc/arm-none-eabi/14.2.1/../../../../arm-none-eabi/lib/thumb/v8-m.main/nofp/libc_nano.a(libc_a-findfp.o)
 .text.stdio_exit_handler
                0x00002f64       0x18 /home/adrian/.mcuxpressotools/arm-gnu-toolchain-14.2.rel1-x86_64-arm-none-eabi/bin/../lib/gcc/arm-none-eabi/14.2.1/../../../../arm-none-eabi/lib/thumb/v8-m.main/nofp/libc_nano.a(libc_a-findfp.o)
 .text.cleanup_stdio
                0x00002f7c       0x40 /home/adrian/.mcuxpressotools/arm-gnu-toolchain-14.2.rel1-x86_64-arm-none-eabi/bin/../lib/gcc/arm-none-eabi/14.2.1/../../../../arm-none-eabi/lib/thumb/v8-m.main/nofp/libc_nano.a(libc_a-findfp.o)
 .text.global_stdio_init.part.0
                0x00002fbc       0x40 /home/adrian/.mcuxpressotools/arm-gnu-toolchain-14.2.rel1-x86_64-arm-none-eabi/bin/../lib/gcc/arm-none-eabi/14.2.1/../../../../arm-none-eabi/lib/thumb/v8-m.main/nofp/libc_nano.a(libc_a-findfp.o)
 .text.__sfp_lock_acquire
                0x00002ffc        0xc /home/adrian/.mcuxpressotools/arm-gnu-toolchain-14.2.rel1-x86_64-arm-none-eabi/bin/../lib/gcc/arm-none-eabi/14.2.1/../../../../arm-none-eabi/lib/thumb/v8-m.main/nofp/libc_nano.a(libc_a-findfp.o)
                0x00002ffc                __sfp_lock_acquire
 .text.__sfp_lock_release
                0x00003008        0xc /home/adrian/.mcuxpressotools/arm-gnu-toolchain-14.2.rel1-x86_64-arm-none-eabi/bin/../lib/gcc/arm-none-eabi/14.2.1/../../../../arm-none-eabi/lib/thumb/v8-m.main/nofp/libc_nano.a(libc_a-findfp.o)
                0x00003008                __sfp_lock_release
 .text.__sinit  0x00003014       0x30 /home/adrian/.mcuxpressotools/arm-gnu-toolchain-14.2.rel1-x86_64-arm-none-eabi/bin/../lib/gcc/arm-none-eabi/14.2.1/../../../../arm-none-eabi/lib/thumb/v8-m.main/nofp/libc_nano.a(libc_a-findfp.o)
                0x00003014                __sinit
 .text._fwalk_sglue
                0x00003044       0x3c /home/adrian/.mcuxpressotools/arm-gnu-toolchain-14.2.rel1-x86_64-arm-none-eabi/bin/../lib/gcc/arm-none-eabi/14.2.1/../../../../arm-none-eabi/lib/thumb/v8-m.main/nofp/libc_nano.a(libc_a-fwalk.o)
                0x00003044                _fwalk_sglue
 .text.printf   0x00003080       0x24 /home/adrian/.mcuxpressotools/arm-gnu-toolchain-14.2.rel1-x86_64-arm-none-eabi/bin/../lib/gcc/arm-none-eabi/14.2.1/../../../../arm-none-eabi/lib/thumb/v8-m.main/nofp/libc_nano.a(libc_a-printf.o)
                0x00003080                printf
                0x00003080                iprintf
 .text.__sread  0x000030a4       0x22 /home/adrian/.mcuxpressotools/arm-gnu-toolchain-14.2.rel1-x86_64-arm-none-eabi/bin/../lib/gcc/arm-none-eabi/14.2.1/../../../../arm-none-eabi/lib/thumb/v8-m.main/nofp/libc_nano.a(libc_a-stdio.o)
                0x000030a4                __sread
 .text.__swrite
                0x000030c6       0x38 /home/adrian/.mcuxpressotools/arm-gnu-toolchain-14.2.rel1-x86_64-arm-none-eabi/bin/../lib/gcc/arm-none-eabi/14.2.1/../../../../arm-none-eabi/lib/thumb/v8-m.main/nofp/libc_nano.a(libc_a-stdio.o)
                0x000030c6                __swrite
 .text.__sseek  0x000030fe       0x26 /home/adrian/.mcuxpressotools/arm-gnu-toolchain-14.2.rel1-x86_64-arm-none-eabi/bin/../lib/gcc/arm-none-eabi/14.2.1/../../../../arm-none-eabi/lib/thumb/v8-m.main/nofp/libc_nano.a(libc_a-stdio.o)
                0x000030fe                __sseek
 .text.__sclose
                0x00003124        0x8 /home/adrian/.mcuxpressotools/arm-gnu-toolchain-14.2.rel1-x86_64-arm-none-eabi/bin/../lib/gcc/arm-none-eabi/14.2.1/../../../../arm-none-eabi/lib/thumb/v8-m.main/nofp/libc_nano.a(libc_a-stdio.o)
                0x00003124                __sclose
 .text._close_r
                0x0000312c       0x20 /home/adrian/.mcuxpressotools/arm-gnu-toolchain-14.2.rel1-x86_64-arm-none-eabi/bin/../lib/gcc/arm-none-eabi/14.2.1/../../../../arm-none-eabi/lib/thumb/v8-m.main/nofp/libc_nano.a(libc_a-closer.o)
                0x0000312c                _close_r
 .text._lseek_r
                0x0000314c       0x24 /home/adrian/.mcuxpressotools/arm-gnu-toolchain-14.2.rel1-x86_64-arm-none-eabi/bin/../lib/gcc/arm-none-eabi/14.2.1/../../../../arm-none-eabi/lib/thumb/v8-m.main/nofp/libc_nano.a(libc_a-lseekr.o)
                0x0000314c                _lseek_r
 .text._read_r  0x00003170       0x24 /home/adrian/.mcuxpressotools/arm-gnu-toolchain-14.2.rel1-x86_64-arm-none-eabi/bin/../lib/gcc/arm-none-eabi/14.2.1/../../../../arm-none-eabi/lib/thumb/v8-m.main/nofp/libc_nano.a(libc_a-readr.o)
                0x00003170                _read_r
 .text._sbrk_r  0x00003194       0x20 /home/adrian/.mcuxpressotools/arm-gnu-toolchain-14.2.rel1-x86_64-arm-none-eabi/bin/../lib/gcc/arm-none-eabi/14.2.1/../../../../arm-none-eabi/lib/thumb/v8-m.main/nofp/libc_nano.a(libc_a-sbrkr.o)
                0x00003194                _sbrk_r
 .text._write_r
                0x000031b4       0x24 /home/adrian/.mcuxpressotools/arm-gnu-toolchain-14.2.rel1-x86_64-arm-none-eabi/bin/../lib/gcc/arm-none-eabi/14.2.1/../../../../arm-none-eabi/lib/thumb/v8-m.main/nofp/libc_nano.a(libc_a-writer.o)
                0x000031b4                _write_r
 .text.__errno  0x000031d8        0xc /home/adrian/.mcuxpressotools/arm-gnu-toolchain-14.2.rel1-x86_64-arm-none-eabi/bin/../lib/gcc/arm-none-eabi/14.2.1/../../../../arm-none-eabi/lib/thumb/v8-m.main/nofp/libc_nano.a(libc_a-errno.o)
                0x000031d8                __errno
 .text.__libc_init_array
                0x000031e4       0x48 /home/adrian/.mcuxpressotools/arm-gnu-toolchain-14.2.rel1-x86_64-arm-none-eabi/bin/../lib/gcc/arm-none-eabi/14.2.1/../../../../arm-none-eabi/lib/thumb/v8-m.main/nofp/libc_nano.a(libc_a-init.o)
                0x000031e4                __libc_init_array
 .text.__retarget_lock_init_recursive
                0x0000322c        0x2 /home/adrian/.mcuxpressotools/arm-gnu-toolchain-14.2.rel1-x86_64-arm-none-eabi/bin/../lib/gcc/arm-none-eabi/14.2.1/../../../../arm-none-eabi/lib/thumb/v8-m.main/nofp/libc_nano.a(libc_a-lock.o)
                0x0000322c                __retarget_lock_init_recursive
 .text.__retarget_lock_acquire_recursive
                0x0000322e        0x2 /home/adrian/.mcuxpressotools/arm-gnu-toolchain-14.2.rel1-x86_64-arm-none-eabi/bin/../lib/gcc/arm-none-eabi/14.2.1/../../../../arm-none-eabi/lib/thumb/v8-m.main/nofp/libc_nano.a(libc_a-lock.o)
                0x0000322e                __retarget_lock_acquire_recursive
 .text.__retarget_lock_release_recursive
                0x00003230        0x2 /home/adrian/.mcuxpressotools/arm-gnu-toolchain-14.2.rel1-x86_64-arm-none-eabi/bin/../lib/gcc/arm-none-eabi/14.2.1/../../../../arm-none-eabi/lib/thumb/v8-m.main/nofp/libc_nano.a(libc_a-lock.o)
                0x00003230                __retarget_lock_release_recursive
 *fill*         0x00003232        0x2 
 .text._free_r  0x00003234       0x94 /home/adrian/.mcuxpressotools/arm-gnu-toolchain-14.2.rel1-x86_64-arm-none-eabi/bin/../lib/gcc/arm-none-eabi/14.2.1/../../../../arm-none-eabi/lib/thumb/v8-m.main/nofp/libc_nano.a(libc_a-freer.o)
                0x00003234                _free_r
 .text.__sfputc_r
                0x000032c8       0x2a /home/adrian/.mcuxpressotools/arm-gnu-toolchain-14.2.rel1-x86_64-arm-none-eabi/bin/../lib/gcc/arm-none-eabi/14.2.1/../../../../arm-none-eabi/lib/thumb/v8-m.main/nofp/libc_nano.a(libc_a-nano-vfprintf.o)
 .text.__sfputs_r
                0x000032f2       0x24 /home/adrian/.mcuxpressotools/arm-gnu-toolchain-14.2.rel1-x86_64-arm-none-eabi/bin/../lib/gcc/arm-none-eabi/14.2.1/../../../../arm-none-eabi/lib/thumb/v8-m.main/nofp/libc_nano.a(libc_a-nano-vfprintf.o)
                0x000032f2                __sfputs_r
 *fill*         0x00003316        0x2 
 .text._vfprintf_r
                0x00003318      0x230 /home/adrian/.mcuxpressotools/arm-gnu-toolchain-14.2.rel1-x86_64-arm-none-eabi/bin/../lib/gcc/arm-none-eabi/14.2.1/../../../../arm-none-eabi/lib/thumb/v8-m.main/nofp/libc_nano.a(libc_a-nano-vfprintf.o)
                0x00003318                _vfiprintf_r
                0x00003318                _vfprintf_r
 .text._printf_common
                0x00003548       0xe4 /home/adrian/.mcuxpressotools/arm-gnu-toolchain-14.2.rel1-x86_64-arm-none-eabi/bin/../lib/gcc/arm-none-eabi/14.2.1/../../../../arm-none-eabi/lib/thumb/v8-m.main/nofp/libc_nano.a(libc_a-nano-vfprintf_i.o)
                0x00003548                _printf_common
 .text._printf_i
                0x0000362c      0x240 /home/adrian/.mcuxpressotools/arm-gnu-toolchain-14.2.rel1-x86_64-arm-none-eabi/bin/../lib/gcc/arm-none-eabi/14.2.1/../../../../arm-none-eabi/lib/thumb/v8-m.main/nofp/libc_nano.a(libc_a-nano-vfprintf_i.o)
                0x0000362c                _printf_i
 .text.__sflush_r
                0x0000386c       0xf8 /home/adrian/.mcuxpressotools/arm-gnu-toolchain-14.2.rel1-x86_64-arm-none-eabi/bin/../lib/gcc/arm-none-eabi/14.2.1/../../../../arm-none-eabi/lib/thumb/v8-m.main/nofp/libc_nano.a(libc_a-fflush.o)
                0x0000386c                __sflush_r
 .text._fflush_r
                0x00003964       0x50 /home/adrian/.mcuxpressotools/arm-gnu-toolchain-14.2.rel1-x86_64-arm-none-eabi/bin/../lib/gcc/arm-none-eabi/14.2.1/../../../../arm-none-eabi/lib/thumb/v8-m.main/nofp/libc_nano.a(libc_a-fflush.o)
                0x00003964                _fflush_r
 .text.__swbuf_r
                0x000039b4       0x7c /home/adrian/.mcuxpressotools/arm-gnu-toolchain-14.2.rel1-x86_64-arm-none-eabi/bin/../lib/gcc/arm-none-eabi/14.2.1/../../../../arm-none-eabi/lib/thumb/v8-m.main/nofp/libc_nano.a(libc_a-wbuf.o)
                0x000039b4                __swbuf_r
 .text.__swsetup_r
                0x00003a30       0xa8 /home/adrian/.mcuxpressotools/arm-gnu-toolchain-14.2.rel1-x86_64-arm-none-eabi/bin/../lib/gcc/arm-none-eabi/14.2.1/../../../../arm-none-eabi/lib/thumb/v8-m.main/nofp/libc_nano.a(libc_a-wsetup.o)
                0x00003a30                __swsetup_r
 .text.memchr   0x00003ad8       0x1c /home/adrian/.mcuxpressotools/arm-gnu-toolchain-14.2.rel1-x86_64-arm-none-eabi/bin/../lib/gcc/arm-none-eabi/14.2.1/../../../../arm-none-eabi/lib/thumb/v8-m.main/nofp/libc_nano.a(libc_a-memchr-stub.o)
                0x00003ad8                memchr
 .text.__swhatbuf_r
                0x00003af4       0x48 /home/adrian/.mcuxpressotools/arm-gnu-toolchain-14.2.rel1-x86_64-arm-none-eabi/bin/../lib/gcc/arm-none-eabi/14.2.1/../../../../arm-none-eabi/lib/thumb/v8-m.main/nofp/libc_nano.a(libc_a-makebuf.o)
                0x00003af4                __swhatbuf_r
 .text.__smakebuf_r
                0x00003b3c       0x72 /home/adrian/.mcuxpressotools/arm-gnu-toolchain-14.2.rel1-x86_64-arm-none-eabi/bin/../lib/gcc/arm-none-eabi/14.2.1/../../../../arm-none-eabi/lib/thumb/v8-m.main/nofp/libc_nano.a(libc_a-makebuf.o)
                0x00003b3c                __smakebuf_r
 *fill*         0x00003bae        0x2 
 .text._fstat_r
                0x00003bb0       0x24 /home/adrian/.mcuxpressotools/arm-gnu-toolchain-14.2.rel1-x86_64-arm-none-eabi/bin/../lib/gcc/arm-none-eabi/14.2.1/../../../../arm-none-eabi/lib/thumb/v8-m.main/nofp/libc_nano.a(libc_a-fstatr.o)
                0x00003bb0                _fstat_r
 .text._isatty_r
                0x00003bd4       0x20 /home/adrian/.mcuxpressotools/arm-gnu-toolchain-14.2.rel1-x86_64-arm-none-eabi/bin/../lib/gcc/arm-none-eabi/14.2.1/../../../../arm-none-eabi/lib/thumb/v8-m.main/nofp/libc_nano.a(libc_a-isattyr.o)
                0x00003bd4                _isatty_r
 .text._exit    0x00003bf4        0x4 /home/adrian/.mcuxpressotools/arm-gnu-toolchain-14.2.rel1-x86_64-arm-none-eabi/bin/../lib/gcc/arm-none-eabi/14.2.1/../../../../arm-none-eabi/lib/thumb/v8-m.main/nofp/libnosys.a(_exit.o)
                0x00003bf4                _exit
 *(.rodata)
 .rodata        0x00003bf8       0xa6 CMakeFiles/MCXA153_Touch_Audio_Workstation.dir/home/adrian/Facultate/Proiecte/NXP_Summer_School/mcuxsdk/mcuxsdk/devices/MCX/MCXA/MCXA153/drivers/fsl_clock.c.obj
 *fill*         0x00003c9e        0x2 
 .rodata        0x00003ca0       0x8e CMakeFiles/MCXA153_Touch_Audio_Workstation.dir/home/adrian/Facultate/Proiecte/NXP_Summer_School/mcuxsdk/mcuxsdk/devices/MCX/MCXA/MCXA153/drivers/fsl_reset.c.obj
 *fill*         0x00003d2e        0x2 
 .rodata        0x00003d30       0xb7 CMakeFiles/MCXA153_Touch_Audio_Workstation.dir/home/adrian/Facultate/Proiecte/NXP_Summer_School/mcuxsdk/mcuxsdk/drivers/gpio/fsl_gpio.c.obj
 *fill*         0x00003de7        0x1 
 .rodata        0x00003de8      0x2aa CMakeFiles/MCXA153_Touch_Audio_Workstation.dir/home/adrian/Facultate/Proiecte/NXP_Summer_School/mcuxsdk/mcuxsdk/drivers/lpuart/fsl_lpuart.c.obj
 *fill*         0x00004092        0x2 
 .rodata        0x00004094       0xab CMakeFiles/MCXA153_Touch_Audio_Workstation.dir/home/adrian/Facultate/Proiecte/NXP_Summer_School/mcuxsdk/mcuxsdk/drivers/mcx_spc/fsl_spc.c.obj
 *fill*         0x0000413f        0x1 
 .rodata        0x00004140       0x3e CMakeFiles/MCXA153_Touch_Audio_Workstation.dir/home/adrian/Facultate/Proiecte/NXP_Summer_School/mcuxsdk/mcuxsdk/components/assert/fsl_assert.c.obj
 *fill*         0x0000417e        0x2 
 .rodata        0x00004180      0x12c CMakeFiles/MCXA153_Touch_Audio_Workstation.dir/home/adrian/Facultate/Proiecte/NXP_Summer_School/mcuxsdk/mcuxsdk/components/uart/fsl_adapter_lpuart.c.obj
 .rodata        0x000042ac       0x6a CMakeFiles/MCXA153_Touch_Audio_Workstation.dir/frdmmcxa153/board/pin_mux.c.obj
 *fill*         0x00004316        0x2 
 .rodata        0x00004318       0x23 CMakeFiles/MCXA153_Touch_Audio_Workstation.dir/source/main.c.obj
 *fill*         0x0000433b        0x1 
 .rodata        0x0000433c      0x31e CMakeFiles/MCXA153_Touch_Audio_Workstation.dir/source/ui_display.c.obj
 *fill*         0x0000465a        0x2 
 .rodata        0x0000465c       0x34 CMakeFiles/MCXA153_Touch_Audio_Workstation.dir/source/audio_dsp.c.obj
 .rodata        0x00004690       0xde CMakeFiles/MCXA153_Touch_Audio_Workstation.dir/source/sdcard_wav.c.obj
 *fill*         0x0000476e        0x2 
 .rodata        0x00004770       0x3b CMakeFiles/MCXA153_Touch_Audio_Workstation.dir/source/wifi_esp.c.obj
 *(.rodata*)
 *fill*         0x000047ab        0x1 
 .rodata.__func__.4
                0x000047ac       0x15 CMakeFiles/MCXA153_Touch_Audio_Workstation.dir/home/adrian/Facultate/Proiecte/NXP_Summer_School/mcuxsdk/mcuxsdk/devices/MCX/MCXA/MCXA153/drivers/fsl_clock.c.obj
 *fill*         0x000047c1        0x3 
 .rodata.__func__.2
                0x000047c4       0x12 CMakeFiles/MCXA153_Touch_Audio_Workstation.dir/home/adrian/Facultate/Proiecte/NXP_Summer_School/mcuxsdk/mcuxsdk/devices/MCX/MCXA/MCXA153/drivers/fsl_clock.c.obj
 *fill*         0x000047d6        0x2 
 .rodata.__func__.1
                0x000047d8       0x19 CMakeFiles/MCXA153_Touch_Audio_Workstation.dir/home/adrian/Facultate/Proiecte/NXP_Summer_School/mcuxsdk/mcuxsdk/devices/MCX/MCXA/MCXA153/drivers/fsl_reset.c.obj
 *fill*         0x000047f1        0x3 
 .rodata.__func__.0
                0x000047f4       0x1b CMakeFiles/MCXA153_Touch_Audio_Workstation.dir/home/adrian/Facultate/Proiecte/NXP_Summer_School/mcuxsdk/mcuxsdk/devices/MCX/MCXA/MCXA153/drivers/fsl_reset.c.obj
 *fill*         0x0000480f        0x1 
 .rodata.s_gpioBases
                0x00004810       0x10 CMakeFiles/MCXA153_Touch_Audio_Workstation.dir/home/adrian/Facultate/Proiecte/NXP_Summer_School/mcuxsdk/mcuxsdk/drivers/gpio/fsl_gpio.c.obj
 .rodata.s_gpioClockName
                0x00004820       0x10 CMakeFiles/MCXA153_Touch_Audio_Workstation.dir/home/adrian/Facultate/Proiecte/NXP_Summer_School/mcuxsdk/mcuxsdk/drivers/gpio/fsl_gpio.c.obj
 .rodata.__func__.2
                0x00004830       0x11 CMakeFiles/MCXA153_Touch_Audio_Workstation.dir/home/adrian/Facultate/Proiecte/NXP_Summer_School/mcuxsdk/mcuxsdk/drivers/gpio/fsl_gpio.c.obj
 *fill*         0x00004841        0x3 
 .rodata.__func__.1
                0x00004844       0x15 CMakeFiles/MCXA153_Touch_Audio_Workstation.dir/home/adrian/Facultate/Proiecte/NXP_Summer_School/mcuxsdk/mcuxsdk/drivers/gpio/fsl_gpio.c.obj
 *fill*         0x00004859        0x3 
 .rodata.__func__.0
                0x0000485c        0xd CMakeFiles/MCXA153_Touch_Audio_Workstation.dir/home/adrian/Facultate/Proiecte/NXP_Summer_School/mcuxsdk/mcuxsdk/drivers/gpio/fsl_gpio.c.obj
 *fill*         0x00004869        0x3 
 .rodata.s_lpuartBases
                0x0000486c        0xc CMakeFiles/MCXA153_Touch_Audio_Workstation.dir/home/adrian/Facultate/Proiecte/NXP_Summer_School/mcuxsdk/mcuxsdk/drivers/lpuart/fsl_lpuart.c.obj
 .rodata.s_lpuartClock
                0x00004878        0xc CMakeFiles/MCXA153_Touch_Audio_Workstation.dir/home/adrian/Facultate/Proiecte/NXP_Summer_School/mcuxsdk/mcuxsdk/drivers/lpuart/fsl_lpuart.c.obj
 .rodata.s_lpuartResets
                0x00004884        0x6 CMakeFiles/MCXA153_Touch_Audio_Workstation.dir/home/adrian/Facultate/Proiecte/NXP_Summer_School/mcuxsdk/mcuxsdk/drivers/lpuart/fsl_lpuart.c.obj
 *fill*         0x0000488a        0x2 
 .rodata.__func__.25
                0x0000488c       0x13 CMakeFiles/MCXA153_Touch_Audio_Workstation.dir/home/adrian/Facultate/Proiecte/NXP_Summer_School/mcuxsdk/mcuxsdk/drivers/lpuart/fsl_lpuart.c.obj
 *fill*         0x0000489f        0x1 
 .rodata.__func__.18
                0x000048a0        0xc CMakeFiles/MCXA153_Touch_Audio_Workstation.dir/home/adrian/Facultate/Proiecte/NXP_Summer_School/mcuxsdk/mcuxsdk/drivers/lpuart/fsl_lpuart.c.obj
 .rodata.__func__.17
                0x000048ac       0x18 CMakeFiles/MCXA153_Touch_Audio_Workstation.dir/home/adrian/Facultate/Proiecte/NXP_Summer_School/mcuxsdk/mcuxsdk/drivers/lpuart/fsl_lpuart.c.obj
 .rodata.__func__.13
                0x000048c4       0x15 CMakeFiles/MCXA153_Touch_Audio_Workstation.dir/home/adrian/Facultate/Proiecte/NXP_Summer_School/mcuxsdk/mcuxsdk/drivers/lpuart/fsl_lpuart.c.obj
 *fill*         0x000048d9        0x3 
 .rodata.__func__.11
                0x000048dc       0x14 CMakeFiles/MCXA153_Touch_Audio_Workstation.dir/home/adrian/Facultate/Proiecte/NXP_Summer_School/mcuxsdk/mcuxsdk/drivers/lpuart/fsl_lpuart.c.obj
 .rodata.__func__.5
                0x000048f0       0x1a CMakeFiles/MCXA153_Touch_Audio_Workstation.dir/home/adrian/Facultate/Proiecte/NXP_Summer_School/mcuxsdk/mcuxsdk/drivers/mcx_spc/fsl_spc.c.obj
 *fill*         0x0000490a        0x2 
 .rodata.__func__.2
                0x0000490c       0x28 CMakeFiles/MCXA153_Touch_Audio_Workstation.dir/home/adrian/Facultate/Proiecte/NXP_Summer_School/mcuxsdk/mcuxsdk/drivers/mcx_spc/fsl_spc.c.obj
 .rodata.s_LpuartAdapterBase
                0x00004934        0xc CMakeFiles/MCXA153_Touch_Audio_Workstation.dir/home/adrian/Facultate/Proiecte/NXP_Summer_School/mcuxsdk/mcuxsdk/components/uart/fsl_adapter_lpuart.c.obj
 .rodata.__func__.4
                0x00004940        0xd CMakeFiles/MCXA153_Touch_Audio_Workstation.dir/home/adrian/Facultate/Proiecte/NXP_Summer_School/mcuxsdk/mcuxsdk/components/uart/fsl_adapter_lpuart.c.obj
 *fill*         0x0000494d        0x3 
 .rodata.__func__.2
                0x00004950       0x18 CMakeFiles/MCXA153_Touch_Audio_Workstation.dir/home/adrian/Facultate/Proiecte/NXP_Summer_School/mcuxsdk/mcuxsdk/components/uart/fsl_adapter_lpuart.c.obj
 .rodata.__func__.1
                0x00004968       0x15 CMakeFiles/MCXA153_Touch_Audio_Workstation.dir/home/adrian/Facultate/Proiecte/NXP_Summer_School/mcuxsdk/mcuxsdk/components/uart/fsl_adapter_lpuart.c.obj
 *fill*         0x0000497d        0x3 
 .rodata.__func__.0
                0x00004980       0x12 CMakeFiles/MCXA153_Touch_Audio_Workstation.dir/frdmmcxa153/board/pin_mux.c.obj
 .rodata._vfprintf_r.str1.1
                0x00004992       0x33 /home/adrian/.mcuxpressotools/arm-gnu-toolchain-14.2.rel1-x86_64-arm-none-eabi/bin/../lib/gcc/arm-none-eabi/14.2.1/../../../../arm-none-eabi/lib/thumb/v8-m.main/nofp/libc_nano.a(libc_a-nano-vfprintf.o)
                                 0x11 (size before relaxing)
 .rodata._printf_i.str1.1
                0x000049c5       0x22 /home/adrian/.mcuxpressotools/arm-gnu-toolchain-14.2.rel1-x86_64-arm-none-eabi/bin/../lib/gcc/arm-none-eabi/14.2.1/../../../../arm-none-eabi/lib/thumb/v8-m.main/nofp/libc_nano.a(libc_a-nano-vfprintf_i.o)
 *(.glue_7)
 .glue_7        0x000049c5        0x0 linker stubs
 *(.glue_7t)
 .glue_7t       0x000049c5        0x0 linker stubs
 *(.eh_frame)
 *fill*         0x000049c5        0x3 
 .eh_frame      0x000049c8        0x0 /home/adrian/.mcuxpressotools/arm-gnu-toolchain-14.2.rel1-x86_64-arm-none-eabi/bin/../lib/gcc/arm-none-eabi/14.2.1/thumb/v8-m.main/nofp/crtbegin.o
 *(.init)
 .init          0x000049c8        0x4 /home/adrian/.mcuxpressotools/arm-gnu-toolchain-14.2.rel1-x86_64-arm-none-eabi/bin/../lib/gcc/arm-none-eabi/14.2.1/thumb/v8-m.main/nofp/crti.o
                0x000049c8                _init
 .init          0x000049cc        0x8 /home/adrian/.mcuxpressotools/arm-gnu-toolchain-14.2.rel1-x86_64-arm-none-eabi/bin/../lib/gcc/arm-none-eabi/14.2.1/thumb/v8-m.main/nofp/crtn.o
 *(.fini)
 .fini          0x000049d4        0x4 /home/adrian/.mcuxpressotools/arm-gnu-toolchain-14.2.rel1-x86_64-arm-none-eabi/bin/../lib/gcc/arm-none-eabi/14.2.1/thumb/v8-m.main/nofp/crti.o
                0x000049d4                _fini
 .fini          0x000049d8        0x8 /home/adrian/.mcuxpressotools/arm-gnu-toolchain-14.2.rel1-x86_64-arm-none-eabi/bin/../lib/gcc/arm-none-eabi/14.2.1/thumb/v8-m.main/nofp/crtn.o
                0x000049e0                        . = ALIGN (0x4)

.vfp11_veneer   0x000049e0        0x0
 .vfp11_veneer  0x000049e0        0x0 linker stubs

.v4_bx          0x000049e0        0x0
 .v4_bx         0x000049e0        0x0 linker stubs

.iplt           0x000049e0        0x0
 .iplt          0x000049e0        0x0 /home/adrian/.mcuxpressotools/arm-gnu-toolchain-14.2.rel1-x86_64-arm-none-eabi/bin/../lib/gcc/arm-none-eabi/14.2.1/thumb/v8-m.main/nofp/crtbegin.o

.ARM.extab
 *(.ARM.extab* .gnu.linkonce.armextab.*)

.ARM            0x000049e0        0x8
                0x000049e0                        __exidx_start = .
 *(.ARM.exidx*)
 .ARM.exidx     0x000049e0        0x8 /home/adrian/.mcuxpressotools/arm-gnu-toolchain-14.2.rel1-x86_64-arm-none-eabi/bin/../lib/gcc/arm-none-eabi/14.2.1/../../../../arm-none-eabi/lib/thumb/v8-m.main/nofp/crt0.o
                                 0x10 (size before relaxing)
 .ARM.exidx     0x000049e8        0x0 /home/adrian/.mcuxpressotools/arm-gnu-toolchain-14.2.rel1-x86_64-arm-none-eabi/bin/../lib/gcc/arm-none-eabi/14.2.1/../../../../arm-none-eabi/lib/thumb/v8-m.main/nofp/libc_nano.a(libc_a-strlen.o)
                                  0x8 (size before relaxing)
                0x000049e8                        __exidx_end = .

.rel.dyn        0x000049e8        0x0
 .rel.iplt      0x000049e8        0x0 /home/adrian/.mcuxpressotools/arm-gnu-toolchain-14.2.rel1-x86_64-arm-none-eabi/bin/../lib/gcc/arm-none-eabi/14.2.1/thumb/v8-m.main/nofp/crtbegin.o

.ctors          0x000049e8        0x0
                0x000049e8                        __CTOR_LIST__ = .
 *crtbegin.o(.ctors)
 *crtbegin?.o(.ctors)
 *(EXCLUDE_FILE(*crtend.o *crtend?.o) .ctors)
 *(SORT_BY_NAME(.ctors.*))
 *(.ctors)
                0x000049e8                        __CTOR_END__ = .

.dtors          0x000049e8        0x0
                0x000049e8                        __DTOR_LIST__ = .
 *crtbegin.o(.dtors)
 *crtbegin?.o(.dtors)
 *(EXCLUDE_FILE(*crtend.o *crtend?.o) .dtors)
 *(SORT_BY_NAME(.dtors.*))
 *(.dtors)
                0x000049e8                        __DTOR_END__ = .

.preinit_array  0x000049e8        0x0
                0x000049e8                        PROVIDE (__preinit_array_start = .)
 *(.preinit_array*)
                0x000049e8                        PROVIDE (__preinit_array_end = .)

.init_array     0x000049e8        0x4
                0x000049e8                        PROVIDE (__init_array_start = .)
 *(SORT_BY_NAME(.init_array.*))
 *(.init_array*)
 .init_array    0x000049e8        0x4 /home/adrian/.mcuxpressotools/arm-gnu-toolchain-14.2.rel1-x86_64-arm-none-eabi/bin/../lib/gcc/arm-none-eabi/14.2.1/thumb/v8-m.main/nofp/crtbegin.o
                0x000049ec                        PROVIDE (__init_array_end = .)

.fini_array     0x000049ec        0x4
                [!provide]                        PROVIDE (__fini_array_start = .)
 *(SORT_BY_NAME(.fini_array.*))
 *(.fini_array*)
 .fini_array    0x000049ec        0x4 /home/adrian/.mcuxpressotools/arm-gnu-toolchain-14.2.rel1-x86_64-arm-none-eabi/bin/../lib/gcc/arm-none-eabi/14.2.1/thumb/v8-m.main/nofp/crtbegin.o
                [!provide]                        PROVIDE (__fini_array_end = .)
                0x000049f0                        __etext = .
                0x000049f0                        __DATA_ROM = .

.data           0x20000000       0x68 load address 0x000049f0
                0x20000000                        . = ALIGN (0x4)
                0x20000000                        __DATA_RAM = .
                0x20000000                        __data_start__ = .
 *(.ramfunc*)
 *(.data)
 *(.data*)
 .data.SystemCoreClock
                0x20000000        0x4 CMakeFiles/MCXA153_Touch_Audio_Workstation.dir/home/adrian/Facultate/Proiecte/NXP_Summer_School/mcuxsdk/mcuxsdk/devices/MCX/MCXA/MCXA153/system_MCXA153.c.obj
                0x20000000                SystemCoreClock
 .data.s_Ext_Clk_Freq
                0x20000004        0x4 CMakeFiles/MCXA153_Touch_Audio_Workstation.dir/home/adrian/Facultate/Proiecte/NXP_Summer_School/mcuxsdk/mcuxsdk/devices/MCX/MCXA/MCXA153/drivers/fsl_clock.c.obj
 .data.redraw_needed
                0x20000008        0x1 CMakeFiles/MCXA153_Touch_Audio_Workstation.dir/source/ui_display.c.obj
 *fill*         0x20000009        0x3 
 .data.__sglue  0x2000000c        0xc /home/adrian/.mcuxpressotools/arm-gnu-toolchain-14.2.rel1-x86_64-arm-none-eabi/bin/../lib/gcc/arm-none-eabi/14.2.1/../../../../arm-none-eabi/lib/thumb/v8-m.main/nofp/libc_nano.a(libc_a-findfp.o)
                0x2000000c                __sglue
 .data._impure_ptr
                0x20000018        0x4 /home/adrian/.mcuxpressotools/arm-gnu-toolchain-14.2.rel1-x86_64-arm-none-eabi/bin/../lib/gcc/arm-none-eabi/14.2.1/../../../../arm-none-eabi/lib/thumb/v8-m.main/nofp/libc_nano.a(libc_a-impure.o)
                0x20000018                _impure_ptr
 .data._impure_data
                0x2000001c       0x4c /home/adrian/.mcuxpressotools/arm-gnu-toolchain-14.2.rel1-x86_64-arm-none-eabi/bin/../lib/gcc/arm-none-eabi/14.2.1/../../../../arm-none-eabi/lib/thumb/v8-m.main/nofp/libc_nano.a(libc_a-impure.o)
                0x2000001c                _impure_data
 *(.jcr*)
                0x20000068                        . = ALIGN (0x4)
                0x20000068                        __data_end__ = .
                0x00004a58                        __DATA_END = (__DATA_ROM + (__data_end__ - __data_start__))
                0x00020000                        text_end = (ORIGIN (m_text) + LENGTH (m_text))
                0x00000001                        ASSERT ((__DATA_END <= text_end), region m_text overflowed with text and data)

.tm_clone_table
                0x20000068        0x0 load address 0x00004a58
 .tm_clone_table
                0x20000068        0x0 /home/adrian/.mcuxpressotools/arm-gnu-toolchain-14.2.rel1-x86_64-arm-none-eabi/bin/../lib/gcc/arm-none-eabi/14.2.1/thumb/v8-m.main/nofp/crtbegin.o
 .tm_clone_table
                0x20000068        0x0 /home/adrian/.mcuxpressotools/arm-gnu-toolchain-14.2.rel1-x86_64-arm-none-eabi/bin/../lib/gcc/arm-none-eabi/14.2.1/thumb/v8-m.main/nofp/crtend.o

.igot.plt       0x20000068        0x0 load address 0x00004a58
 .igot.plt      0x20000068        0x0 /home/adrian/.mcuxpressotools/arm-gnu-toolchain-14.2.rel1-x86_64-arm-none-eabi/bin/../lib/gcc/arm-none-eabi/14.2.1/thumb/v8-m.main/nofp/crtbegin.o

.bss            0x20000068      0x1a0 load address 0x00004a58
                0x20000068                        . = ALIGN (0x4)
                0x20000068                        __START_BSS = .
                0x20000068                        __bss_start__ = .
 *(.bss)
 *(.bss*)
 .bss.completed.1
                0x20000068        0x1 /home/adrian/.mcuxpressotools/arm-gnu-toolchain-14.2.rel1-x86_64-arm-none-eabi/bin/../lib/gcc/arm-none-eabi/14.2.1/thumb/v8-m.main/nofp/crtbegin.o
 *fill*         0x20000069        0x3 
 .bss.object.0  0x2000006c       0x18 /home/adrian/.mcuxpressotools/arm-gnu-toolchain-14.2.rel1-x86_64-arm-none-eabi/bin/../lib/gcc/arm-none-eabi/14.2.1/thumb/v8-m.main/nofp/crtbegin.o
 .bss.s_lpuartHandle
                0x20000084        0xc CMakeFiles/MCXA153_Touch_Audio_Workstation.dir/home/adrian/Facultate/Proiecte/NXP_Summer_School/mcuxsdk/mcuxsdk/drivers/lpuart/fsl_lpuart.c.obj
                0x20000084                s_lpuartHandle
 .bss.s_lpuartIsr
                0x20000090        0xc CMakeFiles/MCXA153_Touch_Audio_Workstation.dir/home/adrian/Facultate/Proiecte/NXP_Summer_School/mcuxsdk/mcuxsdk/drivers/lpuart/fsl_lpuart.c.obj
                0x20000090                s_lpuartIsr
 .bss.s_debugConsole
                0x2000009c       0x14 CMakeFiles/MCXA153_Touch_Audio_Workstation.dir/home/adrian/Facultate/Proiecte/NXP_Summer_School/mcuxsdk/mcuxsdk/components/debug_console_lite/fsl_debug_console.c.obj
 .bss.heap_end.0
                0x200000b0        0x4 CMakeFiles/MCXA153_Touch_Audio_Workstation.dir/home/adrian/Facultate/Proiecte/NXP_Summer_School/mcuxsdk/mcuxsdk/components/misc_utilities/fsl_sbrk.c.obj
 .bss.current_mode
                0x200000b4        0x1 CMakeFiles/MCXA153_Touch_Audio_Workstation.dir/source/main.c.obj
                0x200000b4                current_mode
 .bss.sw1_pressed
                0x200000b5        0x1 CMakeFiles/MCXA153_Touch_Audio_Workstation.dir/source/main.c.obj
                0x200000b5                sw1_pressed
 .bss.sw2_pressed
                0x200000b6        0x1 CMakeFiles/MCXA153_Touch_Audio_Workstation.dir/source/main.c.obj
                0x200000b6                sw2_pressed
 .bss.sw3_pressed
                0x200000b7        0x1 CMakeFiles/MCXA153_Touch_Audio_Workstation.dir/source/main.c.obj
                0x200000b7                sw3_pressed
 .bss.active_mode
                0x200000b8        0x1 CMakeFiles/MCXA153_Touch_Audio_Workstation.dir/source/ui_display.c.obj
 .bss.is_inserted
                0x200000b9        0x1 CMakeFiles/MCXA153_Touch_Audio_Workstation.dir/source/sdcard_wav.c.obj
 *fill*         0x200000ba        0x2 
 .bss.__malloc_sbrk_start
                0x200000bc        0x4 /home/adrian/.mcuxpressotools/arm-gnu-toolchain-14.2.rel1-x86_64-arm-none-eabi/bin/../lib/gcc/arm-none-eabi/14.2.1/../../../../arm-none-eabi/lib/thumb/v8-m.main/nofp/libc_nano.a(libc_a-mallocr.o)
                0x200000bc                __malloc_sbrk_start
 .bss.__malloc_free_list
                0x200000c0        0x4 /home/adrian/.mcuxpressotools/arm-gnu-toolchain-14.2.rel1-x86_64-arm-none-eabi/bin/../lib/gcc/arm-none-eabi/14.2.1/../../../../arm-none-eabi/lib/thumb/v8-m.main/nofp/libc_nano.a(libc_a-mallocr.o)
                0x200000c0                __malloc_free_list
 .bss.__sf      0x200000c4      0x138 /home/adrian/.mcuxpressotools/arm-gnu-toolchain-14.2.rel1-x86_64-arm-none-eabi/bin/../lib/gcc/arm-none-eabi/14.2.1/../../../../arm-none-eabi/lib/thumb/v8-m.main/nofp/libc_nano.a(libc_a-findfp.o)
                0x200000c4                __sf
 .bss.__stdio_exit_handler
                0x200001fc        0x4 /home/adrian/.mcuxpressotools/arm-gnu-toolchain-14.2.rel1-x86_64-arm-none-eabi/bin/../lib/gcc/arm-none-eabi/14.2.1/../../../../arm-none-eabi/lib/thumb/v8-m.main/nofp/libc_nano.a(libc_a-findfp.o)
                0x200001fc                __stdio_exit_handler
 .bss.errno     0x20000200        0x4 /home/adrian/.mcuxpressotools/arm-gnu-toolchain-14.2.rel1-x86_64-arm-none-eabi/bin/../lib/gcc/arm-none-eabi/14.2.1/../../../../arm-none-eabi/lib/thumb/v8-m.main/nofp/libc_nano.a(libc_a-reent.o)
                0x20000200                errno
 .bss.__lock___malloc_recursive_mutex
                0x20000204        0x1 /home/adrian/.mcuxpressotools/arm-gnu-toolchain-14.2.rel1-x86_64-arm-none-eabi/bin/../lib/gcc/arm-none-eabi/14.2.1/../../../../arm-none-eabi/lib/thumb/v8-m.main/nofp/libc_nano.a(libc_a-lock.o)
                0x20000204                __lock___malloc_recursive_mutex
 .bss.__lock___sfp_recursive_mutex
                0x20000205        0x1 /home/adrian/.mcuxpressotools/arm-gnu-toolchain-14.2.rel1-x86_64-arm-none-eabi/bin/../lib/gcc/arm-none-eabi/14.2.1/../../../../arm-none-eabi/lib/thumb/v8-m.main/nofp/libc_nano.a(libc_a-lock.o)
                0x20000205                __lock___sfp_recursive_mutex
 *(COMMON)
                0x20000208                        . = ALIGN (0x4)
 *fill*         0x20000206        0x2 
                0x20000208                        __bss_end__ = .
                0x20000208                        __END_BSS = .

.heap           0x20000208      0x400 load address 0x00004bf8
                0x20000208                        . = ALIGN (0x8)
                0x20000208                        __end__ = .
                0x20000208                        PROVIDE (end = .)
                0x20000208                        __HeapBase = .
                0x20000608                        . = (. + HEAP_SIZE)
 *fill*         0x20000208      0x400 
                0x20000608                        __HeapLimit = .
                0x20000608                        __heap_limit = .

.stack          0x20000608      0x800 load address 0x00004ff8
                0x20000608                        . = ALIGN (0x8)
                0x20000e08                        . = (. + STACK_SIZE)
 *fill*         0x20000608      0x800 
                0x20006000                        __StackTop = (ORIGIN (m_data) + LENGTH (m_data))
                0x20005800                        __StackLimit = (__StackTop - STACK_SIZE)
                0x20006000                        PROVIDE (__stack = __StackTop)

.ARM.attributes
                0x00000000       0x2e
 *(.ARM.attributes)
 .ARM.attributes
                0x00000000       0x22 /home/adrian/.mcuxpressotools/arm-gnu-toolchain-14.2.rel1-x86_64-arm-none-eabi/bin/../lib/gcc/arm-none-eabi/14.2.1/thumb/v8-m.main/nofp/crti.o
 .ARM.attributes
                0x00000022       0x32 /home/adrian/.mcuxpressotools/arm-gnu-toolchain-14.2.rel1-x86_64-arm-none-eabi/bin/../lib/gcc/arm-none-eabi/14.2.1/thumb/v8-m.main/nofp/crtbegin.o
 .ARM.attributes
                0x00000054       0x20 /home/adrian/.mcuxpressotools/arm-gnu-toolchain-14.2.rel1-x86_64-arm-none-eabi/bin/../lib/gcc/arm-none-eabi/14.2.1/../../../../arm-none-eabi/lib/thumb/v8-m.main/nofp/crt0.o
 .ARM.attributes
                0x00000074       0x32 CMakeFiles/MCXA153_Touch_Audio_Workstation.dir/home/adrian/Facultate/Proiecte/NXP_Summer_School/mcuxsdk/mcuxsdk/devices/MCX/MCXA/MCXA153/system_MCXA153.c.obj
 .ARM.attributes
                0x000000a6       0x20 CMakeFiles/MCXA153_Touch_Audio_Workstation.dir/home/adrian/Facultate/Proiecte/NXP_Summer_School/mcuxsdk/mcuxsdk/devices/MCX/MCXA/MCXA153/gcc/startup_MCXA153.S.obj
 .ARM.attributes
                0x000000c6       0x32 CMakeFiles/MCXA153_Touch_Audio_Workstation.dir/home/adrian/Facultate/Proiecte/NXP_Summer_School/mcuxsdk/mcuxsdk/devices/MCX/MCXA/MCXA153/drivers/fsl_clock.c.obj
 .ARM.attributes
                0x000000f8       0x32 CMakeFiles/MCXA153_Touch_Audio_Workstation.dir/home/adrian/Facultate/Proiecte/NXP_Summer_School/mcuxsdk/mcuxsdk/devices/MCX/MCXA/MCXA153/drivers/fsl_reset.c.obj
 .ARM.attributes
                0x0000012a       0x32 CMakeFiles/MCXA153_Touch_Audio_Workstation.dir/home/adrian/Facultate/Proiecte/NXP_Summer_School/mcuxsdk/mcuxsdk/drivers/gpio/fsl_gpio.c.obj
 .ARM.attributes
                0x0000015c       0x32 CMakeFiles/MCXA153_Touch_Audio_Workstation.dir/home/adrian/Facultate/Proiecte/NXP_Summer_School/mcuxsdk/mcuxsdk/drivers/lpuart/fsl_lpuart.c.obj
 .ARM.attributes
                0x0000018e       0x32 CMakeFiles/MCXA153_Touch_Audio_Workstation.dir/home/adrian/Facultate/Proiecte/NXP_Summer_School/mcuxsdk/mcuxsdk/drivers/mcx_spc/fsl_spc.c.obj
 .ARM.attributes
                0x000001c0       0x32 CMakeFiles/MCXA153_Touch_Audio_Workstation.dir/home/adrian/Facultate/Proiecte/NXP_Summer_School/mcuxsdk/mcuxsdk/components/assert/fsl_assert.c.obj
 .ARM.attributes
                0x000001f2       0x32 CMakeFiles/MCXA153_Touch_Audio_Workstation.dir/home/adrian/Facultate/Proiecte/NXP_Summer_School/mcuxsdk/mcuxsdk/components/debug_console_lite/fsl_debug_console.c.obj
 .ARM.attributes
                0x00000224       0x32 CMakeFiles/MCXA153_Touch_Audio_Workstation.dir/home/adrian/Facultate/Proiecte/NXP_Summer_School/mcuxsdk/mcuxsdk/components/misc_utilities/fsl_syscall_stub.c.obj
 .ARM.attributes
                0x00000256       0x32 CMakeFiles/MCXA153_Touch_Audio_Workstation.dir/home/adrian/Facultate/Proiecte/NXP_Summer_School/mcuxsdk/mcuxsdk/components/misc_utilities/fsl_sbrk.c.obj
 .ARM.attributes
                0x00000288       0x20 CMakeFiles/MCXA153_Touch_Audio_Workstation.dir/home/adrian/Facultate/Proiecte/NXP_Summer_School/mcuxsdk/mcuxsdk/components/misc_utilities/fsl_memcpy.S.obj
 .ARM.attributes
                0x000002a8       0x20 CMakeFiles/MCXA153_Touch_Audio_Workstation.dir/home/adrian/Facultate/Proiecte/NXP_Summer_School/mcuxsdk/mcuxsdk/components/misc_utilities/fsl_memset.S.obj
 .ARM.attributes
                0x000002c8       0x32 CMakeFiles/MCXA153_Touch_Audio_Workstation.dir/home/adrian/Facultate/Proiecte/NXP_Summer_School/mcuxsdk/mcuxsdk/components/uart/fsl_adapter_lpuart.c.obj
 .ARM.attributes
                0x000002fa       0x32 CMakeFiles/MCXA153_Touch_Audio_Workstation.dir/frdmmcxa153/frdmmcxa153/board.c.obj
 .ARM.attributes
                0x0000032c       0x32 CMakeFiles/MCXA153_Touch_Audio_Workstation.dir/frdmmcxa153/frdmmcxa153/clock_config.c.obj
 .ARM.attributes
                0x0000035e       0x32 CMakeFiles/MCXA153_Touch_Audio_Workstation.dir/frdmmcxa153/board/pin_mux.c.obj
 .ARM.attributes
                0x00000390       0x32 CMakeFiles/MCXA153_Touch_Audio_Workstation.dir/source/main.c.obj
 .ARM.attributes
                0x000003c2       0x32 CMakeFiles/MCXA153_Touch_Audio_Workstation.dir/source/ui_display.c.obj
 .ARM.attributes
                0x000003f4       0x32 CMakeFiles/MCXA153_Touch_Audio_Workstation.dir/source/audio_dsp.c.obj
 .ARM.attributes
                0x00000426       0x32 CMakeFiles/MCXA153_Touch_Audio_Workstation.dir/source/sdcard_wav.c.obj
 .ARM.attributes
                0x00000458       0x32 CMakeFiles/MCXA153_Touch_Audio_Workstation.dir/source/wifi_esp.c.obj
 .ARM.attributes
                0x0000048a       0x32 /home/adrian/.mcuxpressotools/arm-gnu-toolchain-14.2.rel1-x86_64-arm-none-eabi/bin/../lib/gcc/arm-none-eabi/14.2.1/../../../../arm-none-eabi/lib/thumb/v8-m.main/nofp/libc_nano.a(libc_a-exit.o)
 .ARM.attributes
                0x000004bc       0x32 /home/adrian/.mcuxpressotools/arm-gnu-toolchain-14.2.rel1-x86_64-arm-none-eabi/bin/../lib/gcc/arm-none-eabi/14.2.1/../../../../arm-none-eabi/lib/thumb/v8-m.main/nofp/libc_nano.a(libc_a-mallocr.o)
 .ARM.attributes
                0x000004ee       0x32 /home/adrian/.mcuxpressotools/arm-gnu-toolchain-14.2.rel1-x86_64-arm-none-eabi/bin/../lib/gcc/arm-none-eabi/14.2.1/../../../../arm-none-eabi/lib/thumb/v8-m.main/nofp/libc_nano.a(libc_a-mlock.o)
 .ARM.attributes
                0x00000520       0x32 /home/adrian/.mcuxpressotools/arm-gnu-toolchain-14.2.rel1-x86_64-arm-none-eabi/bin/../lib/gcc/arm-none-eabi/14.2.1/../../../../arm-none-eabi/lib/thumb/v8-m.main/nofp/libc_nano.a(libc_a-findfp.o)
 .ARM.attributes
                0x00000552       0x32 /home/adrian/.mcuxpressotools/arm-gnu-toolchain-14.2.rel1-x86_64-arm-none-eabi/bin/../lib/gcc/arm-none-eabi/14.2.1/../../../../arm-none-eabi/lib/thumb/v8-m.main/nofp/libc_nano.a(libc_a-fwalk.o)
 .ARM.attributes
                0x00000584       0x32 /home/adrian/.mcuxpressotools/arm-gnu-toolchain-14.2.rel1-x86_64-arm-none-eabi/bin/../lib/gcc/arm-none-eabi/14.2.1/../../../../arm-none-eabi/lib/thumb/v8-m.main/nofp/libc_nano.a(libc_a-printf.o)
 .ARM.attributes
                0x000005b6       0x32 /home/adrian/.mcuxpressotools/arm-gnu-toolchain-14.2.rel1-x86_64-arm-none-eabi/bin/../lib/gcc/arm-none-eabi/14.2.1/../../../../arm-none-eabi/lib/thumb/v8-m.main/nofp/libc_nano.a(libc_a-stdio.o)
 .ARM.attributes
                0x000005e8       0x32 /home/adrian/.mcuxpressotools/arm-gnu-toolchain-14.2.rel1-x86_64-arm-none-eabi/bin/../lib/gcc/arm-none-eabi/14.2.1/../../../../arm-none-eabi/lib/thumb/v8-m.main/nofp/libc_nano.a(libc_a-closer.o)
 .ARM.attributes
                0x0000061a       0x32 /home/adrian/.mcuxpressotools/arm-gnu-toolchain-14.2.rel1-x86_64-arm-none-eabi/bin/../lib/gcc/arm-none-eabi/14.2.1/../../../../arm-none-eabi/lib/thumb/v8-m.main/nofp/libc_nano.a(libc_a-reent.o)
 .ARM.attributes
                0x0000064c       0x32 /home/adrian/.mcuxpressotools/arm-gnu-toolchain-14.2.rel1-x86_64-arm-none-eabi/bin/../lib/gcc/arm-none-eabi/14.2.1/../../../../arm-none-eabi/lib/thumb/v8-m.main/nofp/libc_nano.a(libc_a-impure.o)
 .ARM.attributes
                0x0000067e       0x32 /home/adrian/.mcuxpressotools/arm-gnu-toolchain-14.2.rel1-x86_64-arm-none-eabi/bin/../lib/gcc/arm-none-eabi/14.2.1/../../../../arm-none-eabi/lib/thumb/v8-m.main/nofp/libc_nano.a(libc_a-lseekr.o)
 .ARM.attributes
                0x000006b0       0x32 /home/adrian/.mcuxpressotools/arm-gnu-toolchain-14.2.rel1-x86_64-arm-none-eabi/bin/../lib/gcc/arm-none-eabi/14.2.1/../../../../arm-none-eabi/lib/thumb/v8-m.main/nofp/libc_nano.a(libc_a-readr.o)
 .ARM.attributes
                0x000006e2       0x32 /home/adrian/.mcuxpressotools/arm-gnu-toolchain-14.2.rel1-x86_64-arm-none-eabi/bin/../lib/gcc/arm-none-eabi/14.2.1/../../../../arm-none-eabi/lib/thumb/v8-m.main/nofp/libc_nano.a(libc_a-sbrkr.o)
 .ARM.attributes
                0x00000714       0x32 /home/adrian/.mcuxpressotools/arm-gnu-toolchain-14.2.rel1-x86_64-arm-none-eabi/bin/../lib/gcc/arm-none-eabi/14.2.1/../../../../arm-none-eabi/lib/thumb/v8-m.main/nofp/libc_nano.a(libc_a-writer.o)
 .ARM.attributes
                0x00000746       0x32 /home/adrian/.mcuxpressotools/arm-gnu-toolchain-14.2.rel1-x86_64-arm-none-eabi/bin/../lib/gcc/arm-none-eabi/14.2.1/../../../../arm-none-eabi/lib/thumb/v8-m.main/nofp/libc_nano.a(libc_a-errno.o)
 .ARM.attributes
                0x00000778       0x32 /home/adrian/.mcuxpressotools/arm-gnu-toolchain-14.2.rel1-x86_64-arm-none-eabi/bin/../lib/gcc/arm-none-eabi/14.2.1/../../../../arm-none-eabi/lib/thumb/v8-m.main/nofp/libc_nano.a(libc_a-init.o)
 .ARM.attributes
                0x000007aa       0x32 /home/adrian/.mcuxpressotools/arm-gnu-toolchain-14.2.rel1-x86_64-arm-none-eabi/bin/../lib/gcc/arm-none-eabi/14.2.1/../../../../arm-none-eabi/lib/thumb/v8-m.main/nofp/libc_nano.a(libc_a-lock.o)
 .ARM.attributes
                0x000007dc       0x20 /home/adrian/.mcuxpressotools/arm-gnu-toolchain-14.2.rel1-x86_64-arm-none-eabi/bin/../lib/gcc/arm-none-eabi/14.2.1/../../../../arm-none-eabi/lib/thumb/v8-m.main/nofp/libc_nano.a(libc_a-strlen.o)
 .ARM.attributes
                0x000007fc       0x32 /home/adrian/.mcuxpressotools/arm-gnu-toolchain-14.2.rel1-x86_64-arm-none-eabi/bin/../lib/gcc/arm-none-eabi/14.2.1/../../../../arm-none-eabi/lib/thumb/v8-m.main/nofp/libc_nano.a(libc_a-freer.o)
 .ARM.attributes
                0x0000082e       0x32 /home/adrian/.mcuxpressotools/arm-gnu-toolchain-14.2.rel1-x86_64-arm-none-eabi/bin/../lib/gcc/arm-none-eabi/14.2.1/../../../../arm-none-eabi/lib/thumb/v8-m.main/nofp/libc_nano.a(libc_a-nano-vfprintf.o)
 .ARM.attributes
                0x00000860       0x32 /home/adrian/.mcuxpressotools/arm-gnu-toolchain-14.2.rel1-x86_64-arm-none-eabi/bin/../lib/gcc/arm-none-eabi/14.2.1/../../../../arm-none-eabi/lib/thumb/v8-m.main/nofp/libc_nano.a(libc_a-nano-vfprintf_i.o)
 .ARM.attributes
                0x00000892       0x32 /home/adrian/.mcuxpressotools/arm-gnu-toolchain-14.2.rel1-x86_64-arm-none-eabi/bin/../lib/gcc/arm-none-eabi/14.2.1/../../../../arm-none-eabi/lib/thumb/v8-m.main/nofp/libc_nano.a(libc_a-fflush.o)
 .ARM.attributes
                0x000008c4       0x32 /home/adrian/.mcuxpressotools/arm-gnu-toolchain-14.2.rel1-x86_64-arm-none-eabi/bin/../lib/gcc/arm-none-eabi/14.2.1/../../../../arm-none-eabi/lib/thumb/v8-m.main/nofp/libc_nano.a(libc_a-wbuf.o)
 .ARM.attributes
                0x000008f6       0x32 /home/adrian/.mcuxpressotools/arm-gnu-toolchain-14.2.rel1-x86_64-arm-none-eabi/bin/../lib/gcc/arm-none-eabi/14.2.1/../../../../arm-none-eabi/lib/thumb/v8-m.main/nofp/libc_nano.a(libc_a-wsetup.o)
 .ARM.attributes
                0x00000928       0x32 /home/adrian/.mcuxpressotools/arm-gnu-toolchain-14.2.rel1-x86_64-arm-none-eabi/bin/../lib/gcc/arm-none-eabi/14.2.1/../../../../arm-none-eabi/lib/thumb/v8-m.main/nofp/libc_nano.a(libc_a-memchr-stub.o)
 .ARM.attributes
                0x0000095a       0x32 /home/adrian/.mcuxpressotools/arm-gnu-toolchain-14.2.rel1-x86_64-arm-none-eabi/bin/../lib/gcc/arm-none-eabi/14.2.1/../../../../arm-none-eabi/lib/thumb/v8-m.main/nofp/libc_nano.a(libc_a-makebuf.o)
 .ARM.attributes
                0x0000098c       0x32 /home/adrian/.mcuxpressotools/arm-gnu-toolchain-14.2.rel1-x86_64-arm-none-eabi/bin/../lib/gcc/arm-none-eabi/14.2.1/../../../../arm-none-eabi/lib/thumb/v8-m.main/nofp/libc_nano.a(libc_a-fstatr.o)
 .ARM.attributes
                0x000009be       0x32 /home/adrian/.mcuxpressotools/arm-gnu-toolchain-14.2.rel1-x86_64-arm-none-eabi/bin/../lib/gcc/arm-none-eabi/14.2.1/../../../../arm-none-eabi/lib/thumb/v8-m.main/nofp/libc_nano.a(libc_a-isattyr.o)
 .ARM.attributes
                0x000009f0       0x32 /home/adrian/.mcuxpressotools/arm-gnu-toolchain-14.2.rel1-x86_64-arm-none-eabi/bin/../lib/gcc/arm-none-eabi/14.2.1/../../../../arm-none-eabi/lib/thumb/v8-m.main/nofp/libnosys.a(_exit.o)
 .ARM.attributes
                0x00000a22       0x32 /home/adrian/.mcuxpressotools/arm-gnu-toolchain-14.2.rel1-x86_64-arm-none-eabi/bin/../lib/gcc/arm-none-eabi/14.2.1/thumb/v8-m.main/nofp/crtend.o
 .ARM.attributes
                0x00000a54       0x22 /home/adrian/.mcuxpressotools/arm-gnu-toolchain-14.2.rel1-x86_64-arm-none-eabi/bin/../lib/gcc/arm-none-eabi/14.2.1/thumb/v8-m.main/nofp/crtn.o
                0x00000001                        ASSERT ((__StackLimit >= __HeapLimit), region m_data overflowed with stack and heap)
OUTPUT(MCXA153_Touch_Audio_Workstation.elf elf32-littlearm)
LOAD linker stubs

.debug_line_str
                0x00000000      0x2dc
 .debug_line_str
                0x00000000      0x2dc /home/adrian/.mcuxpressotools/arm-gnu-toolchain-14.2.rel1-x86_64-arm-none-eabi/bin/../lib/gcc/arm-none-eabi/14.2.1/../../../../arm-none-eabi/lib/thumb/v8-m.main/nofp/crt0.o
                                 0xd0 (size before relaxing)
 .debug_line_str
                0x000002dc       0xb1 CMakeFiles/MCXA153_Touch_Audio_Workstation.dir/home/adrian/Facultate/Proiecte/NXP_Summer_School/mcuxsdk/mcuxsdk/devices/MCX/MCXA/MCXA153/gcc/startup_MCXA153.S.obj
 .debug_line_str
                0x000002dc       0xa9 CMakeFiles/MCXA153_Touch_Audio_Workstation.dir/home/adrian/Facultate/Proiecte/NXP_Summer_School/mcuxsdk/mcuxsdk/components/misc_utilities/fsl_memcpy.S.obj
 .debug_line_str
                0x000002dc       0xa9 CMakeFiles/MCXA153_Touch_Audio_Workstation.dir/home/adrian/Facultate/Proiecte/NXP_Summer_School/mcuxsdk/mcuxsdk/components/misc_utilities/fsl_memset.S.obj
 .debug_line_str
                0x000002dc       0xe5 /home/adrian/.mcuxpressotools/arm-gnu-toolchain-14.2.rel1-x86_64-arm-none-eabi/bin/../lib/gcc/arm-none-eabi/14.2.1/../../../../arm-none-eabi/lib/thumb/v8-m.main/nofp/libc_nano.a(libc_a-strlen.o)

.debug_info     0x00000000     0xe87e
 .debug_info    0x00000000      0xfea CMakeFiles/MCXA153_Touch_Audio_Workstation.dir/home/adrian/Facultate/Proiecte/NXP_Summer_School/mcuxsdk/mcuxsdk/devices/MCX/MCXA/MCXA153/system_MCXA153.c.obj
 .debug_info    0x00000fea      0x838 CMakeFiles/MCXA153_Touch_Audio_Workstation.dir/home/adrian/Facultate/Proiecte/NXP_Summer_School/mcuxsdk/mcuxsdk/devices/MCX/MCXA/MCXA153/gcc/startup_MCXA153.S.obj
 .debug_info    0x00001822     0x208f CMakeFiles/MCXA153_Touch_Audio_Workstation.dir/home/adrian/Facultate/Proiecte/NXP_Summer_School/mcuxsdk/mcuxsdk/devices/MCX/MCXA/MCXA153/drivers/fsl_clock.c.obj
 .debug_info    0x000038b1      0xa96 CMakeFiles/MCXA153_Touch_Audio_Workstation.dir/home/adrian/Facultate/Proiecte/NXP_Summer_School/mcuxsdk/mcuxsdk/devices/MCX/MCXA/MCXA153/drivers/fsl_reset.c.obj
 .debug_info    0x00004347     0x1378 CMakeFiles/MCXA153_Touch_Audio_Workstation.dir/home/adrian/Facultate/Proiecte/NXP_Summer_School/mcuxsdk/mcuxsdk/drivers/gpio/fsl_gpio.c.obj
 .debug_info    0x000056bf     0x3001 CMakeFiles/MCXA153_Touch_Audio_Workstation.dir/home/adrian/Facultate/Proiecte/NXP_Summer_School/mcuxsdk/mcuxsdk/drivers/lpuart/fsl_lpuart.c.obj
 .debug_info    0x000086c0     0x102a CMakeFiles/MCXA153_Touch_Audio_Workstation.dir/home/adrian/Facultate/Proiecte/NXP_Summer_School/mcuxsdk/mcuxsdk/drivers/mcx_spc/fsl_spc.c.obj
 .debug_info    0x000096ea      0x1bf CMakeFiles/MCXA153_Touch_Audio_Workstation.dir/home/adrian/Facultate/Proiecte/NXP_Summer_School/mcuxsdk/mcuxsdk/components/assert/fsl_assert.c.obj
 .debug_info    0x000098a9      0xd9a CMakeFiles/MCXA153_Touch_Audio_Workstation.dir/home/adrian/Facultate/Proiecte/NXP_Summer_School/mcuxsdk/mcuxsdk/components/debug_console_lite/fsl_debug_console.c.obj
 .debug_info    0x0000a643      0x4eb CMakeFiles/MCXA153_Touch_Audio_Workstation.dir/home/adrian/Facultate/Proiecte/NXP_Summer_School/mcuxsdk/mcuxsdk/components/misc_utilities/fsl_syscall_stub.c.obj
 .debug_info    0x0000ab2e      0x124 CMakeFiles/MCXA153_Touch_Audio_Workstation.dir/home/adrian/Facultate/Proiecte/NXP_Summer_School/mcuxsdk/mcuxsdk/components/misc_utilities/fsl_sbrk.c.obj
 .debug_info    0x0000ac52       0x25 CMakeFiles/MCXA153_Touch_Audio_Workstation.dir/home/adrian/Facultate/Proiecte/NXP_Summer_School/mcuxsdk/mcuxsdk/components/misc_utilities/fsl_memcpy.S.obj
 .debug_info    0x0000ac77       0x24 CMakeFiles/MCXA153_Touch_Audio_Workstation.dir/home/adrian/Facultate/Proiecte/NXP_Summer_School/mcuxsdk/mcuxsdk/components/misc_utilities/fsl_memset.S.obj
 .debug_info    0x0000ac9b      0xdd0 CMakeFiles/MCXA153_Touch_Audio_Workstation.dir/home/adrian/Facultate/Proiecte/NXP_Summer_School/mcuxsdk/mcuxsdk/components/uart/fsl_adapter_lpuart.c.obj
 .debug_info    0x0000ba6b      0x6c7 CMakeFiles/MCXA153_Touch_Audio_Workstation.dir/frdmmcxa153/frdmmcxa153/board.c.obj
 .debug_info    0x0000c132      0xa7a CMakeFiles/MCXA153_Touch_Audio_Workstation.dir/frdmmcxa153/frdmmcxa153/clock_config.c.obj
 .debug_info    0x0000cbac     0x110a CMakeFiles/MCXA153_Touch_Audio_Workstation.dir/frdmmcxa153/board/pin_mux.c.obj
 .debug_info    0x0000dcb6      0x7ad CMakeFiles/MCXA153_Touch_Audio_Workstation.dir/source/main.c.obj
 .debug_info    0x0000e463      0x171 CMakeFiles/MCXA153_Touch_Audio_Workstation.dir/source/ui_display.c.obj